###############################################################################
#
# IAR ELF Linker V8.50.1.245/W32 for ARM                  28/May/2020  13:03:47
# Copyright 2007-2020 IAR Systems AB.
#
#    Output file  =
#        D:\myDrive\Projects\Private\Droid\mqttClient_F767ZI\mqttClient_F767ZI\EWARM\mqttClient_F767ZI\Exe\mqttClient_F767ZI.out
#    Map file     =
#        D:\myDrive\Projects\Private\Droid\mqttClient_F767ZI\mqttClient_F767ZI\EWARM\mqttClient_F767ZI\List\mqttClient_F767ZI.map
#    Command line =
#        -f C:\Users\Yaroslav\AppData\Local\Temp\EWD1A6.tmp
#        (D:\myDrive\Projects\Private\Droid\mqttClient_F767ZI\mqttClient_F767ZI\EWARM\mqttClient_F767ZI\Obj\aes.o
#        D:\myDrive\Projects\Private\Droid\mqttClient_F767ZI\mqttClient_F767ZI\EWARM\mqttClient_F767ZI\Obj\aesni.o
#        D:\myDrive\Projects\Private\Droid\mqttClient_F767ZI\mqttClient_F767ZI\EWARM\mqttClient_F767ZI\Obj\altcp.o
#        D:\myDrive\Projects\Private\Droid\mqttClient_F767ZI\mqttClient_F767ZI\EWARM\mqttClient_F767ZI\Obj\altcp_alloc.o
#        D:\myDrive\Projects\Private\Droid\mqttClient_F767ZI\mqttClient_F767ZI\EWARM\mqttClient_F767ZI\Obj\altcp_tcp.o
#        D:\myDrive\Projects\Private\Droid\mqttClient_F767ZI\mqttClient_F767ZI\EWARM\mqttClient_F767ZI\Obj\altcp_tls_mbedtls.o
#        D:\myDrive\Projects\Private\Droid\mqttClient_F767ZI\mqttClient_F767ZI\EWARM\mqttClient_F767ZI\Obj\altcp_tls_mbedtls_mem.o
#        D:\myDrive\Projects\Private\Droid\mqttClient_F767ZI\mqttClient_F767ZI\EWARM\mqttClient_F767ZI\Obj\api_lib.o
#        D:\myDrive\Projects\Private\Droid\mqttClient_F767ZI\mqttClient_F767ZI\EWARM\mqttClient_F767ZI\Obj\api_msg.o
#        D:\myDrive\Projects\Private\Droid\mqttClient_F767ZI\mqttClient_F767ZI\EWARM\mqttClient_F767ZI\Obj\arc4.o
#        D:\myDrive\Projects\Private\Droid\mqttClient_F767ZI\mqttClient_F767ZI\EWARM\mqttClient_F767ZI\Obj\aria.o
#        D:\myDrive\Projects\Private\Droid\mqttClient_F767ZI\mqttClient_F767ZI\EWARM\mqttClient_F767ZI\Obj\asn1parse.o
#        D:\myDrive\Projects\Private\Droid\mqttClient_F767ZI\mqttClient_F767ZI\EWARM\mqttClient_F767ZI\Obj\asn1write.o
#        D:\myDrive\Projects\Private\Droid\mqttClient_F767ZI\mqttClient_F767ZI\EWARM\mqttClient_F767ZI\Obj\auth.o
#        D:\myDrive\Projects\Private\Droid\mqttClient_F767ZI\mqttClient_F767ZI\EWARM\mqttClient_F767ZI\Obj\autoip.o
#        D:\myDrive\Projects\Private\Droid\mqttClient_F767ZI\mqttClient_F767ZI\EWARM\mqttClient_F767ZI\Obj\base64.o
#        D:\myDrive\Projects\Private\Droid\mqttClient_F767ZI\mqttClient_F767ZI\EWARM\mqttClient_F767ZI\Obj\bignum.o
#        D:\myDrive\Projects\Private\Droid\mqttClient_F767ZI\mqttClient_F767ZI\EWARM\mqttClient_F767ZI\Obj\blowfish.o
#        D:\myDrive\Projects\Private\Droid\mqttClient_F767ZI\mqttClient_F767ZI\EWARM\mqttClient_F767ZI\Obj\bridgeif.o
#        D:\myDrive\Projects\Private\Droid\mqttClient_F767ZI\mqttClient_F767ZI\EWARM\mqttClient_F767ZI\Obj\bridgeif_fdb.o
#        D:\myDrive\Projects\Private\Droid\mqttClient_F767ZI\mqttClient_F767ZI\EWARM\mqttClient_F767ZI\Obj\camellia.o
#        D:\myDrive\Projects\Private\Droid\mqttClient_F767ZI\mqttClient_F767ZI\EWARM\mqttClient_F767ZI\Obj\ccm.o
#        D:\myDrive\Projects\Private\Droid\mqttClient_F767ZI\mqttClient_F767ZI\EWARM\mqttClient_F767ZI\Obj\ccp.o
#        D:\myDrive\Projects\Private\Droid\mqttClient_F767ZI\mqttClient_F767ZI\EWARM\mqttClient_F767ZI\Obj\certificates.o
#        D:\myDrive\Projects\Private\Droid\mqttClient_F767ZI\mqttClient_F767ZI\EWARM\mqttClient_F767ZI\Obj\certs.o
#        D:\myDrive\Projects\Private\Droid\mqttClient_F767ZI\mqttClient_F767ZI\EWARM\mqttClient_F767ZI\Obj\chacha20.o
#        D:\myDrive\Projects\Private\Droid\mqttClient_F767ZI\mqttClient_F767ZI\EWARM\mqttClient_F767ZI\Obj\chachapoly.o
#        D:\myDrive\Projects\Private\Droid\mqttClient_F767ZI\mqttClient_F767ZI\EWARM\mqttClient_F767ZI\Obj\chap-md5.o
#        D:\myDrive\Projects\Private\Droid\mqttClient_F767ZI\mqttClient_F767ZI\EWARM\mqttClient_F767ZI\Obj\chap-new.o
#        D:\myDrive\Projects\Private\Droid\mqttClient_F767ZI\mqttClient_F767ZI\EWARM\mqttClient_F767ZI\Obj\chap_ms.o
#        D:\myDrive\Projects\Private\Droid\mqttClient_F767ZI\mqttClient_F767ZI\EWARM\mqttClient_F767ZI\Obj\cipher.o
#        D:\myDrive\Projects\Private\Droid\mqttClient_F767ZI\mqttClient_F767ZI\EWARM\mqttClient_F767ZI\Obj\cipher_wrap.o
#        D:\myDrive\Projects\Private\Droid\mqttClient_F767ZI\mqttClient_F767ZI\EWARM\mqttClient_F767ZI\Obj\cmac.o
#        D:\myDrive\Projects\Private\Droid\mqttClient_F767ZI\mqttClient_F767ZI\EWARM\mqttClient_F767ZI\Obj\cmsis_os2.o
#        D:\myDrive\Projects\Private\Droid\mqttClient_F767ZI\mqttClient_F767ZI\EWARM\mqttClient_F767ZI\Obj\croutine.o
#        D:\myDrive\Projects\Private\Droid\mqttClient_F767ZI\mqttClient_F767ZI\EWARM\mqttClient_F767ZI\Obj\ctr_drbg.o
#        D:\myDrive\Projects\Private\Droid\mqttClient_F767ZI\mqttClient_F767ZI\EWARM\mqttClient_F767ZI\Obj\debug.o
#        D:\myDrive\Projects\Private\Droid\mqttClient_F767ZI\mqttClient_F767ZI\EWARM\mqttClient_F767ZI\Obj\debugTerm.o
#        D:\myDrive\Projects\Private\Droid\mqttClient_F767ZI\mqttClient_F767ZI\EWARM\mqttClient_F767ZI\Obj\def.o
#        D:\myDrive\Projects\Private\Droid\mqttClient_F767ZI\mqttClient_F767ZI\EWARM\mqttClient_F767ZI\Obj\demand.o
#        D:\myDrive\Projects\Private\Droid\mqttClient_F767ZI\mqttClient_F767ZI\EWARM\mqttClient_F767ZI\Obj\des.o
#        D:\myDrive\Projects\Private\Droid\mqttClient_F767ZI\mqttClient_F767ZI\EWARM\mqttClient_F767ZI\Obj\dhcp.o
#        D:\myDrive\Projects\Private\Droid\mqttClient_F767ZI\mqttClient_F767ZI\EWARM\mqttClient_F767ZI\Obj\dhcp6.o
#        D:\myDrive\Projects\Private\Droid\mqttClient_F767ZI\mqttClient_F767ZI\EWARM\mqttClient_F767ZI\Obj\dhm.o
#        D:\myDrive\Projects\Private\Droid\mqttClient_F767ZI\mqttClient_F767ZI\EWARM\mqttClient_F767ZI\Obj\dns.o
#        D:\myDrive\Projects\Private\Droid\mqttClient_F767ZI\mqttClient_F767ZI\EWARM\mqttClient_F767ZI\Obj\eap.o
#        D:\myDrive\Projects\Private\Droid\mqttClient_F767ZI\mqttClient_F767ZI\EWARM\mqttClient_F767ZI\Obj\ecdh.o
#        D:\myDrive\Projects\Private\Droid\mqttClient_F767ZI\mqttClient_F767ZI\EWARM\mqttClient_F767ZI\Obj\ecdsa.o
#        D:\myDrive\Projects\Private\Droid\mqttClient_F767ZI\mqttClient_F767ZI\EWARM\mqttClient_F767ZI\Obj\ecjpake.o
#        D:\myDrive\Projects\Private\Droid\mqttClient_F767ZI\mqttClient_F767ZI\EWARM\mqttClient_F767ZI\Obj\ecp.o
#        D:\myDrive\Projects\Private\Droid\mqttClient_F767ZI\mqttClient_F767ZI\EWARM\mqttClient_F767ZI\Obj\ecp_curves.o
#        D:\myDrive\Projects\Private\Droid\mqttClient_F767ZI\mqttClient_F767ZI\EWARM\mqttClient_F767ZI\Obj\entropy.o
#        D:\myDrive\Projects\Private\Droid\mqttClient_F767ZI\mqttClient_F767ZI\EWARM\mqttClient_F767ZI\Obj\entropy_poll.o
#        D:\myDrive\Projects\Private\Droid\mqttClient_F767ZI\mqttClient_F767ZI\EWARM\mqttClient_F767ZI\Obj\err.o
#        D:\myDrive\Projects\Private\Droid\mqttClient_F767ZI\mqttClient_F767ZI\EWARM\mqttClient_F767ZI\Obj\error.o
#        D:\myDrive\Projects\Private\Droid\mqttClient_F767ZI\mqttClient_F767ZI\EWARM\mqttClient_F767ZI\Obj\etharp.o
#        D:\myDrive\Projects\Private\Droid\mqttClient_F767ZI\mqttClient_F767ZI\EWARM\mqttClient_F767ZI\Obj\ethernet.o
#        D:\myDrive\Projects\Private\Droid\mqttClient_F767ZI\mqttClient_F767ZI\EWARM\mqttClient_F767ZI\Obj\ethernetif.o
#        D:\myDrive\Projects\Private\Droid\mqttClient_F767ZI\mqttClient_F767ZI\EWARM\mqttClient_F767ZI\Obj\ethip6.o
#        D:\myDrive\Projects\Private\Droid\mqttClient_F767ZI\mqttClient_F767ZI\EWARM\mqttClient_F767ZI\Obj\eui64.o
#        D:\myDrive\Projects\Private\Droid\mqttClient_F767ZI\mqttClient_F767ZI\EWARM\mqttClient_F767ZI\Obj\event_groups.o
#        D:\myDrive\Projects\Private\Droid\mqttClient_F767ZI\mqttClient_F767ZI\EWARM\mqttClient_F767ZI\Obj\freertos.o
#        D:\myDrive\Projects\Private\Droid\mqttClient_F767ZI\mqttClient_F767ZI\EWARM\mqttClient_F767ZI\Obj\fsm.o
#        D:\myDrive\Projects\Private\Droid\mqttClient_F767ZI\mqttClient_F767ZI\EWARM\mqttClient_F767ZI\Obj\gcm.o
#        D:\myDrive\Projects\Private\Droid\mqttClient_F767ZI\mqttClient_F767ZI\EWARM\mqttClient_F767ZI\Obj\hardware_rng.o
#        D:\myDrive\Projects\Private\Droid\mqttClient_F767ZI\mqttClient_F767ZI\EWARM\mqttClient_F767ZI\Obj\havege.o
#        D:\myDrive\Projects\Private\Droid\mqttClient_F767ZI\mqttClient_F767ZI\EWARM\mqttClient_F767ZI\Obj\heap_4.o
#        D:\myDrive\Projects\Private\Droid\mqttClient_F767ZI\mqttClient_F767ZI\EWARM\mqttClient_F767ZI\Obj\hkdf.o
#        D:\myDrive\Projects\Private\Droid\mqttClient_F767ZI\mqttClient_F767ZI\EWARM\mqttClient_F767ZI\Obj\hmac_drbg.o
#        D:\myDrive\Projects\Private\Droid\mqttClient_F767ZI\mqttClient_F767ZI\EWARM\mqttClient_F767ZI\Obj\icmp.o
#        D:\myDrive\Projects\Private\Droid\mqttClient_F767ZI\mqttClient_F767ZI\EWARM\mqttClient_F767ZI\Obj\icmp6.o
#        D:\myDrive\Projects\Private\Droid\mqttClient_F767ZI\mqttClient_F767ZI\EWARM\mqttClient_F767ZI\Obj\if_api.o
#        D:\myDrive\Projects\Private\Droid\mqttClient_F767ZI\mqttClient_F767ZI\EWARM\mqttClient_F767ZI\Obj\igmp.o
#        D:\myDrive\Projects\Private\Droid\mqttClient_F767ZI\mqttClient_F767ZI\EWARM\mqttClient_F767ZI\Obj\inet6.o
#        D:\myDrive\Projects\Private\Droid\mqttClient_F767ZI\mqttClient_F767ZI\EWARM\mqttClient_F767ZI\Obj\inet_chksum.o
#        D:\myDrive\Projects\Private\Droid\mqttClient_F767ZI\mqttClient_F767ZI\EWARM\mqttClient_F767ZI\Obj\init.o
#        D:\myDrive\Projects\Private\Droid\mqttClient_F767ZI\mqttClient_F767ZI\EWARM\mqttClient_F767ZI\Obj\ip.o
#        D:\myDrive\Projects\Private\Droid\mqttClient_F767ZI\mqttClient_F767ZI\EWARM\mqttClient_F767ZI\Obj\ip4.o
#        D:\myDrive\Projects\Private\Droid\mqttClient_F767ZI\mqttClient_F767ZI\EWARM\mqttClient_F767ZI\Obj\ip4_addr.o
#        D:\myDrive\Projects\Private\Droid\mqttClient_F767ZI\mqttClient_F767ZI\EWARM\mqttClient_F767ZI\Obj\ip4_frag.o
#        D:\myDrive\Projects\Private\Droid\mqttClient_F767ZI\mqttClient_F767ZI\EWARM\mqttClient_F767ZI\Obj\ip6.o
#        D:\myDrive\Projects\Private\Droid\mqttClient_F767ZI\mqttClient_F767ZI\EWARM\mqttClient_F767ZI\Obj\ip6_addr.o
#        D:\myDrive\Projects\Private\Droid\mqttClient_F767ZI\mqttClient_F767ZI\EWARM\mqttClient_F767ZI\Obj\ip6_frag.o
#        D:\myDrive\Projects\Private\Droid\mqttClient_F767ZI\mqttClient_F767ZI\EWARM\mqttClient_F767ZI\Obj\ipcp.o
#        D:\myDrive\Projects\Private\Droid\mqttClient_F767ZI\mqttClient_F767ZI\EWARM\mqttClient_F767ZI\Obj\ipv6cp.o
#        D:\myDrive\Projects\Private\Droid\mqttClient_F767ZI\mqttClient_F767ZI\EWARM\mqttClient_F767ZI\Obj\lcp.o
#        D:\myDrive\Projects\Private\Droid\mqttClient_F767ZI\mqttClient_F767ZI\EWARM\mqttClient_F767ZI\Obj\list.o
#        D:\myDrive\Projects\Private\Droid\mqttClient_F767ZI\mqttClient_F767ZI\EWARM\mqttClient_F767ZI\Obj\lowpan6.o
#        D:\myDrive\Projects\Private\Droid\mqttClient_F767ZI\mqttClient_F767ZI\EWARM\mqttClient_F767ZI\Obj\lowpan6_ble.o
#        D:\myDrive\Projects\Private\Droid\mqttClient_F767ZI\mqttClient_F767ZI\EWARM\mqttClient_F767ZI\Obj\lowpan6_common.o
#        D:\myDrive\Projects\Private\Droid\mqttClient_F767ZI\mqttClient_F767ZI\EWARM\mqttClient_F767ZI\Obj\lwip.o
#        D:\myDrive\Projects\Private\Droid\mqttClient_F767ZI\mqttClient_F767ZI\EWARM\mqttClient_F767ZI\Obj\magic.o
#        D:\myDrive\Projects\Private\Droid\mqttClient_F767ZI\mqttClient_F767ZI\EWARM\mqttClient_F767ZI\Obj\main.o
#        D:\myDrive\Projects\Private\Droid\mqttClient_F767ZI\mqttClient_F767ZI\EWARM\mqttClient_F767ZI\Obj\mbedtls.o
#        D:\myDrive\Projects\Private\Droid\mqttClient_F767ZI\mqttClient_F767ZI\EWARM\mqttClient_F767ZI\Obj\md.o
#        D:\myDrive\Projects\Private\Droid\mqttClient_F767ZI\mqttClient_F767ZI\EWARM\mqttClient_F767ZI\Obj\md2.o
#        D:\myDrive\Projects\Private\Droid\mqttClient_F767ZI\mqttClient_F767ZI\EWARM\mqttClient_F767ZI\Obj\md4.o
#        D:\myDrive\Projects\Private\Droid\mqttClient_F767ZI\mqttClient_F767ZI\EWARM\mqttClient_F767ZI\Obj\md5.o
#        D:\myDrive\Projects\Private\Droid\mqttClient_F767ZI\mqttClient_F767ZI\EWARM\mqttClient_F767ZI\Obj\md_wrap.o
#        D:\myDrive\Projects\Private\Droid\mqttClient_F767ZI\mqttClient_F767ZI\EWARM\mqttClient_F767ZI\Obj\mem.o
#        D:\myDrive\Projects\Private\Droid\mqttClient_F767ZI\mqttClient_F767ZI\EWARM\mqttClient_F767ZI\Obj\memory_buffer_alloc.o
#        D:\myDrive\Projects\Private\Droid\mqttClient_F767ZI\mqttClient_F767ZI\EWARM\mqttClient_F767ZI\Obj\memp.o
#        D:\myDrive\Projects\Private\Droid\mqttClient_F767ZI\mqttClient_F767ZI\EWARM\mqttClient_F767ZI\Obj\mld6.o
#        D:\myDrive\Projects\Private\Droid\mqttClient_F767ZI\mqttClient_F767ZI\EWARM\mqttClient_F767ZI\Obj\mppe.o
#        D:\myDrive\Projects\Private\Droid\mqttClient_F767ZI\mqttClient_F767ZI\EWARM\mqttClient_F767ZI\Obj\mqtt.o
#        D:\myDrive\Projects\Private\Droid\mqttClient_F767ZI\mqttClient_F767ZI\EWARM\mqttClient_F767ZI\Obj\mqttClient.o
#        D:\myDrive\Projects\Private\Droid\mqttClient_F767ZI\mqttClient_F767ZI\EWARM\mqttClient_F767ZI\Obj\multilink.o
#        D:\myDrive\Projects\Private\Droid\mqttClient_F767ZI\mqttClient_F767ZI\EWARM\mqttClient_F767ZI\Obj\nd6.o
#        D:\myDrive\Projects\Private\Droid\mqttClient_F767ZI\mqttClient_F767ZI\EWARM\mqttClient_F767ZI\Obj\net_sockets.o
#        D:\myDrive\Projects\Private\Droid\mqttClient_F767ZI\mqttClient_F767ZI\EWARM\mqttClient_F767ZI\Obj\netbuf.o
#        D:\myDrive\Projects\Private\Droid\mqttClient_F767ZI\mqttClient_F767ZI\EWARM\mqttClient_F767ZI\Obj\netdb.o
#        D:\myDrive\Projects\Private\Droid\mqttClient_F767ZI\mqttClient_F767ZI\EWARM\mqttClient_F767ZI\Obj\netif.o
#        D:\myDrive\Projects\Private\Droid\mqttClient_F767ZI\mqttClient_F767ZI\EWARM\mqttClient_F767ZI\Obj\netifapi.o
#        D:\myDrive\Projects\Private\Droid\mqttClient_F767ZI\mqttClient_F767ZI\EWARM\mqttClient_F767ZI\Obj\nist_kw.o
#        D:\myDrive\Projects\Private\Droid\mqttClient_F767ZI\mqttClient_F767ZI\EWARM\mqttClient_F767ZI\Obj\oid.o
#        D:\myDrive\Projects\Private\Droid\mqttClient_F767ZI\mqttClient_F767ZI\EWARM\mqttClient_F767ZI\Obj\padlock.o
#        D:\myDrive\Projects\Private\Droid\mqttClient_F767ZI\mqttClient_F767ZI\EWARM\mqttClient_F767ZI\Obj\pbuf.o
#        D:\myDrive\Projects\Private\Droid\mqttClient_F767ZI\mqttClient_F767ZI\EWARM\mqttClient_F767ZI\Obj\pem.o
#        D:\myDrive\Projects\Private\Droid\mqttClient_F767ZI\mqttClient_F767ZI\EWARM\mqttClient_F767ZI\Obj\pk.o
#        D:\myDrive\Projects\Private\Droid\mqttClient_F767ZI\mqttClient_F767ZI\EWARM\mqttClient_F767ZI\Obj\pk_wrap.o
#        D:\myDrive\Projects\Private\Droid\mqttClient_F767ZI\mqttClient_F767ZI\EWARM\mqttClient_F767ZI\Obj\pkcs11.o
#        D:\myDrive\Projects\Private\Droid\mqttClient_F767ZI\mqttClient_F767ZI\EWARM\mqttClient_F767ZI\Obj\pkcs12.o
#        D:\myDrive\Projects\Private\Droid\mqttClient_F767ZI\mqttClient_F767ZI\EWARM\mqttClient_F767ZI\Obj\pkcs5.o
#        D:\myDrive\Projects\Private\Droid\mqttClient_F767ZI\mqttClient_F767ZI\EWARM\mqttClient_F767ZI\Obj\pkparse.o
#        D:\myDrive\Projects\Private\Droid\mqttClient_F767ZI\mqttClient_F767ZI\EWARM\mqttClient_F767ZI\Obj\pkwrite.o
#        D:\myDrive\Projects\Private\Droid\mqttClient_F767ZI\mqttClient_F767ZI\EWARM\mqttClient_F767ZI\Obj\platform.o
#        D:\myDrive\Projects\Private\Droid\mqttClient_F767ZI\mqttClient_F767ZI\EWARM\mqttClient_F767ZI\Obj\platform_util.o
#        D:\myDrive\Projects\Private\Droid\mqttClient_F767ZI\mqttClient_F767ZI\EWARM\mqttClient_F767ZI\Obj\poly1305.o
#        D:\myDrive\Projects\Private\Droid\mqttClient_F767ZI\mqttClient_F767ZI\EWARM\mqttClient_F767ZI\Obj\port.o
#        D:\myDrive\Projects\Private\Droid\mqttClient_F767ZI\mqttClient_F767ZI\EWARM\mqttClient_F767ZI\Obj\portasm.o
#        D:\myDrive\Projects\Private\Droid\mqttClient_F767ZI\mqttClient_F767ZI\EWARM\mqttClient_F767ZI\Obj\ppp.o
#        D:\myDrive\Projects\Private\Droid\mqttClient_F767ZI\mqttClient_F767ZI\EWARM\mqttClient_F767ZI\Obj\pppapi.o
#        D:\myDrive\Projects\Private\Droid\mqttClient_F767ZI\mqttClient_F767ZI\EWARM\mqttClient_F767ZI\Obj\pppcrypt.o
#        D:\myDrive\Projects\Private\Droid\mqttClient_F767ZI\mqttClient_F767ZI\EWARM\mqttClient_F767ZI\Obj\pppoe.o
#        D:\myDrive\Projects\Private\Droid\mqttClient_F767ZI\mqttClient_F767ZI\EWARM\mqttClient_F767ZI\Obj\pppol2tp.o
#        D:\myDrive\Projects\Private\Droid\mqttClient_F767ZI\mqttClient_F767ZI\EWARM\mqttClient_F767ZI\Obj\pppos.o
#        D:\myDrive\Projects\Private\Droid\mqttClient_F767ZI\mqttClient_F767ZI\EWARM\mqttClient_F767ZI\Obj\queue.o
#        D:\myDrive\Projects\Private\Droid\mqttClient_F767ZI\mqttClient_F767ZI\EWARM\mqttClient_F767ZI\Obj\raw.o
#        D:\myDrive\Projects\Private\Droid\mqttClient_F767ZI\mqttClient_F767ZI\EWARM\mqttClient_F767ZI\Obj\ripemd160.o
#        D:\myDrive\Projects\Private\Droid\mqttClient_F767ZI\mqttClient_F767ZI\EWARM\mqttClient_F767ZI\Obj\rsa.o
#        D:\myDrive\Projects\Private\Droid\mqttClient_F767ZI\mqttClient_F767ZI\EWARM\mqttClient_F767ZI\Obj\rsa_internal.o
#        D:\myDrive\Projects\Private\Droid\mqttClient_F767ZI\mqttClient_F767ZI\EWARM\mqttClient_F767ZI\Obj\sha1.o
#        D:\myDrive\Projects\Private\Droid\mqttClient_F767ZI\mqttClient_F767ZI\EWARM\mqttClient_F767ZI\Obj\sha256.o
#        D:\myDrive\Projects\Private\Droid\mqttClient_F767ZI\mqttClient_F767ZI\EWARM\mqttClient_F767ZI\Obj\sha512.o
#        D:\myDrive\Projects\Private\Droid\mqttClient_F767ZI\mqttClient_F767ZI\EWARM\mqttClient_F767ZI\Obj\slipif.o
#        D:\myDrive\Projects\Private\Droid\mqttClient_F767ZI\mqttClient_F767ZI\EWARM\mqttClient_F767ZI\Obj\sockets.o
#        D:\myDrive\Projects\Private\Droid\mqttClient_F767ZI\mqttClient_F767ZI\EWARM\mqttClient_F767ZI\Obj\spiSensor.o
#        D:\myDrive\Projects\Private\Droid\mqttClient_F767ZI\mqttClient_F767ZI\EWARM\mqttClient_F767ZI\Obj\ssl_cache.o
#        D:\myDrive\Projects\Private\Droid\mqttClient_F767ZI\mqttClient_F767ZI\EWARM\mqttClient_F767ZI\Obj\ssl_ciphersuites.o
#        D:\myDrive\Projects\Private\Droid\mqttClient_F767ZI\mqttClient_F767ZI\EWARM\mqttClient_F767ZI\Obj\ssl_cli.o
#        D:\myDrive\Projects\Private\Droid\mqttClient_F767ZI\mqttClient_F767ZI\EWARM\mqttClient_F767ZI\Obj\ssl_cookie.o
#        D:\myDrive\Projects\Private\Droid\mqttClient_F767ZI\mqttClient_F767ZI\EWARM\mqttClient_F767ZI\Obj\ssl_srv.o
#        D:\myDrive\Projects\Private\Droid\mqttClient_F767ZI\mqttClient_F767ZI\EWARM\mqttClient_F767ZI\Obj\ssl_ticket.o
#        D:\myDrive\Projects\Private\Droid\mqttClient_F767ZI\mqttClient_F767ZI\EWARM\mqttClient_F767ZI\Obj\ssl_tls.o
#        D:\myDrive\Projects\Private\Droid\mqttClient_F767ZI\mqttClient_F767ZI\EWARM\mqttClient_F767ZI\Obj\startup_stm32f767xx.o
#        D:\myDrive\Projects\Private\Droid\mqttClient_F767ZI\mqttClient_F767ZI\EWARM\mqttClient_F767ZI\Obj\stats.o
#        D:\myDrive\Projects\Private\Droid\mqttClient_F767ZI\mqttClient_F767ZI\EWARM\mqttClient_F767ZI\Obj\stm32f7xx_hal.o
#        D:\myDrive\Projects\Private\Droid\mqttClient_F767ZI\mqttClient_F767ZI\EWARM\mqttClient_F767ZI\Obj\stm32f7xx_hal_cortex.o
#        D:\myDrive\Projects\Private\Droid\mqttClient_F767ZI\mqttClient_F767ZI\EWARM\mqttClient_F767ZI\Obj\stm32f7xx_hal_dma.o
#        D:\myDrive\Projects\Private\Droid\mqttClient_F767ZI\mqttClient_F767ZI\EWARM\mqttClient_F767ZI\Obj\stm32f7xx_hal_dma_ex.o
#        D:\myDrive\Projects\Private\Droid\mqttClient_F767ZI\mqttClient_F767ZI\EWARM\mqttClient_F767ZI\Obj\stm32f7xx_hal_eth.o
#        D:\myDrive\Projects\Private\Droid\mqttClient_F767ZI\mqttClient_F767ZI\EWARM\mqttClient_F767ZI\Obj\stm32f7xx_hal_exti.o
#        D:\myDrive\Projects\Private\Droid\mqttClient_F767ZI\mqttClient_F767ZI\EWARM\mqttClient_F767ZI\Obj\stm32f7xx_hal_flash.o
#        D:\myDrive\Projects\Private\Droid\mqttClient_F767ZI\mqttClient_F767ZI\EWARM\mqttClient_F767ZI\Obj\stm32f7xx_hal_flash_ex.o
#        D:\myDrive\Projects\Private\Droid\mqttClient_F767ZI\mqttClient_F767ZI\EWARM\mqttClient_F767ZI\Obj\stm32f7xx_hal_gpio.o
#        D:\myDrive\Projects\Private\Droid\mqttClient_F767ZI\mqttClient_F767ZI\EWARM\mqttClient_F767ZI\Obj\stm32f7xx_hal_i2c.o
#        D:\myDrive\Projects\Private\Droid\mqttClient_F767ZI\mqttClient_F767ZI\EWARM\mqttClient_F767ZI\Obj\stm32f7xx_hal_i2c_ex.o
#        D:\myDrive\Projects\Private\Droid\mqttClient_F767ZI\mqttClient_F767ZI\EWARM\mqttClient_F767ZI\Obj\stm32f7xx_hal_msp.o
#        D:\myDrive\Projects\Private\Droid\mqttClient_F767ZI\mqttClient_F767ZI\EWARM\mqttClient_F767ZI\Obj\stm32f7xx_hal_pcd.o
#        D:\myDrive\Projects\Private\Droid\mqttClient_F767ZI\mqttClient_F767ZI\EWARM\mqttClient_F767ZI\Obj\stm32f7xx_hal_pcd_ex.o
#        D:\myDrive\Projects\Private\Droid\mqttClient_F767ZI\mqttClient_F767ZI\EWARM\mqttClient_F767ZI\Obj\stm32f7xx_hal_pwr.o
#        D:\myDrive\Projects\Private\Droid\mqttClient_F767ZI\mqttClient_F767ZI\EWARM\mqttClient_F767ZI\Obj\stm32f7xx_hal_pwr_ex.o
#        D:\myDrive\Projects\Private\Droid\mqttClient_F767ZI\mqttClient_F767ZI\EWARM\mqttClient_F767ZI\Obj\stm32f7xx_hal_rcc.o
#        D:\myDrive\Projects\Private\Droid\mqttClient_F767ZI\mqttClient_F767ZI\EWARM\mqttClient_F767ZI\Obj\stm32f7xx_hal_rcc_ex.o
#        D:\myDrive\Projects\Private\Droid\mqttClient_F767ZI\mqttClient_F767ZI\EWARM\mqttClient_F767ZI\Obj\stm32f7xx_hal_rng.o
#        D:\myDrive\Projects\Private\Droid\mqttClient_F767ZI\mqttClient_F767ZI\EWARM\mqttClient_F767ZI\Obj\stm32f7xx_hal_spi.o
#        D:\myDrive\Projects\Private\Droid\mqttClient_F767ZI\mqttClient_F767ZI\EWARM\mqttClient_F767ZI\Obj\stm32f7xx_hal_spi_ex.o
#        D:\myDrive\Projects\Private\Droid\mqttClient_F767ZI\mqttClient_F767ZI\EWARM\mqttClient_F767ZI\Obj\stm32f7xx_hal_tim.o
#        D:\myDrive\Projects\Private\Droid\mqttClient_F767ZI\mqttClient_F767ZI\EWARM\mqttClient_F767ZI\Obj\stm32f7xx_hal_tim_ex.o
#        D:\myDrive\Projects\Private\Droid\mqttClient_F767ZI\mqttClient_F767ZI\EWARM\mqttClient_F767ZI\Obj\stm32f7xx_hal_timebase_tim.o
#        D:\myDrive\Projects\Private\Droid\mqttClient_F767ZI\mqttClient_F767ZI\EWARM\mqttClient_F767ZI\Obj\stm32f7xx_hal_uart.o
#        D:\myDrive\Projects\Private\Droid\mqttClient_F767ZI\mqttClient_F767ZI\EWARM\mqttClient_F767ZI\Obj\stm32f7xx_hal_uart_ex.o
#        D:\myDrive\Projects\Private\Droid\mqttClient_F767ZI\mqttClient_F767ZI\EWARM\mqttClient_F767ZI\Obj\stm32f7xx_it.o
#        D:\myDrive\Projects\Private\Droid\mqttClient_F767ZI\mqttClient_F767ZI\EWARM\mqttClient_F767ZI\Obj\stm32f7xx_ll_usb.o
#        D:\myDrive\Projects\Private\Droid\mqttClient_F767ZI\mqttClient_F767ZI\EWARM\mqttClient_F767ZI\Obj\stream_buffer.o
#        D:\myDrive\Projects\Private\Droid\mqttClient_F767ZI\mqttClient_F767ZI\EWARM\mqttClient_F767ZI\Obj\sys.o
#        D:\myDrive\Projects\Private\Droid\mqttClient_F767ZI\mqttClient_F767ZI\EWARM\mqttClient_F767ZI\Obj\sys_arch.o
#        D:\myDrive\Projects\Private\Droid\mqttClient_F767ZI\mqttClient_F767ZI\EWARM\mqttClient_F767ZI\Obj\system_stm32f7xx.o
#        D:\myDrive\Projects\Private\Droid\mqttClient_F767ZI\mqttClient_F767ZI\EWARM\mqttClient_F767ZI\Obj\tasks.o
#        D:\myDrive\Projects\Private\Droid\mqttClient_F767ZI\mqttClient_F767ZI\EWARM\mqttClient_F767ZI\Obj\tcp.o
#        D:\myDrive\Projects\Private\Droid\mqttClient_F767ZI\mqttClient_F767ZI\EWARM\mqttClient_F767ZI\Obj\tcp_in.o
#        D:\myDrive\Projects\Private\Droid\mqttClient_F767ZI\mqttClient_F767ZI\EWARM\mqttClient_F767ZI\Obj\tcp_out.o
#        D:\myDrive\Projects\Private\Droid\mqttClient_F767ZI\mqttClient_F767ZI\EWARM\mqttClient_F767ZI\Obj\tcpip.o
#        D:\myDrive\Projects\Private\Droid\mqttClient_F767ZI\mqttClient_F767ZI\EWARM\mqttClient_F767ZI\Obj\threading.o
#        D:\myDrive\Projects\Private\Droid\mqttClient_F767ZI\mqttClient_F767ZI\EWARM\mqttClient_F767ZI\Obj\timeouts.o
#        D:\myDrive\Projects\Private\Droid\mqttClient_F767ZI\mqttClient_F767ZI\EWARM\mqttClient_F767ZI\Obj\timers.o
#        D:\myDrive\Projects\Private\Droid\mqttClient_F767ZI\mqttClient_F767ZI\EWARM\mqttClient_F767ZI\Obj\timing.o
#        D:\myDrive\Projects\Private\Droid\mqttClient_F767ZI\mqttClient_F767ZI\EWARM\mqttClient_F767ZI\Obj\udp.o
#        D:\myDrive\Projects\Private\Droid\mqttClient_F767ZI\mqttClient_F767ZI\EWARM\mqttClient_F767ZI\Obj\upap.o
#        D:\myDrive\Projects\Private\Droid\mqttClient_F767ZI\mqttClient_F767ZI\EWARM\mqttClient_F767ZI\Obj\userFunctions.o
#        D:\myDrive\Projects\Private\Droid\mqttClient_F767ZI\mqttClient_F767ZI\EWARM\mqttClient_F767ZI\Obj\utils.o
#        D:\myDrive\Projects\Private\Droid\mqttClient_F767ZI\mqttClient_F767ZI\EWARM\mqttClient_F767ZI\Obj\version.o
#        D:\myDrive\Projects\Private\Droid\mqttClient_F767ZI\mqttClient_F767ZI\EWARM\mqttClient_F767ZI\Obj\version_features.o
#        D:\myDrive\Projects\Private\Droid\mqttClient_F767ZI\mqttClient_F767ZI\EWARM\mqttClient_F767ZI\Obj\vj.o
#        D:\myDrive\Projects\Private\Droid\mqttClient_F767ZI\mqttClient_F767ZI\EWARM\mqttClient_F767ZI\Obj\x509.o
#        D:\myDrive\Projects\Private\Droid\mqttClient_F767ZI\mqttClient_F767ZI\EWARM\mqttClient_F767ZI\Obj\x509_create.o
#        D:\myDrive\Projects\Private\Droid\mqttClient_F767ZI\mqttClient_F767ZI\EWARM\mqttClient_F767ZI\Obj\x509_crl.o
#        D:\myDrive\Projects\Private\Droid\mqttClient_F767ZI\mqttClient_F767ZI\EWARM\mqttClient_F767ZI\Obj\x509_crt.o
#        D:\myDrive\Projects\Private\Droid\mqttClient_F767ZI\mqttClient_F767ZI\EWARM\mqttClient_F767ZI\Obj\x509_csr.o
#        D:\myDrive\Projects\Private\Droid\mqttClient_F767ZI\mqttClient_F767ZI\EWARM\mqttClient_F767ZI\Obj\x509write_crt.o
#        D:\myDrive\Projects\Private\Droid\mqttClient_F767ZI\mqttClient_F767ZI\EWARM\mqttClient_F767ZI\Obj\x509write_csr.o
#        D:\myDrive\Projects\Private\Droid\mqttClient_F767ZI\mqttClient_F767ZI\EWARM\mqttClient_F767ZI\Obj\xtea.o
#        D:\myDrive\Projects\Private\Droid\mqttClient_F767ZI\mqttClient_F767ZI\EWARM\mqttClient_F767ZI\Obj\zepif.o
#        --redirect _Printf=_PrintfFull --redirect _Scanf=_ScanfFull
#        --no_out_extension -o
#        D:\myDrive\Projects\Private\Droid\mqttClient_F767ZI\mqttClient_F767ZI\EWARM\mqttClient_F767ZI\Exe\mqttClient_F767ZI.out
#        --map
#        D:\myDrive\Projects\Private\Droid\mqttClient_F767ZI\mqttClient_F767ZI\EWARM\mqttClient_F767ZI\List\mqttClient_F767ZI.map
#        --config
#        D:\myDrive\Projects\Private\Droid\mqttClient_F767ZI\mqttClient_F767ZI\EWARM/stm32f767xx_flash.icf
#        --semihosting --entry __iar_program_start --vfe --text_out locale)
#
###############################################################################

*******************************************************************************
*** RUNTIME MODEL ATTRIBUTES
***

CppFlavor                     = *
__CPP_Exceptions              = Disabled
__CPP_Language                = C++14
__Heap_Handler                = DLMalloc
__SystemLibrary               = DLib
__dlib_dynamic_initialization = normal
__dlib_version                = 6


*******************************************************************************
*** HEAP SELECTION
***

The advanced heap was selected because the application calls memory
allocation functions outside of system library functions, and there
are calls to deallocation functions in the application.


*******************************************************************************
*** PLACEMENT SUMMARY
***

"A0":  place at address 0x800'0000 { ro section .intvec };
"P1":  place in [from 0x800'0000 to 0x81f'ffff] { ro };
define block CSTACK with size = 8K, alignment = 8 { };
define block HEAP with size = 128K, alignment = 8 { };
"P2":  place in [from 0x2000'0000 to 0x2007'ffff] {
          rw, block CSTACK, block HEAP };
initialize by copy { rw };

  Section                Kind         Address      Size  Object
  -------                ----         -------      ----  ------
"A0":                                             0x1f8
  .intvec                ro code   0x800'0000     0x1f8  startup_stm32f767xx.o [1]
                                 - 0x800'01f8     0x1f8

"P1":                                          0x4'd98e
  .text                  ro code   0x800'01f8    0x54b6  ssl_tls.o [1]
  .text                  ro code   0x800'56ae      0x3a  zero_init3.o [4]
  .text                  ro code   0x800'56e8     0x3c0  md.o [1]
  .text                  ro code   0x800'5aa8      0x36  strlen.o [4]
  .text                  ro code   0x800'5ade      0x1e  xencoding_8859_1.o [2]
  .text                  ro code   0x800'5afc      0xa6  ABImemcpy.o [4]
  .text                  ro code   0x800'5ba2       0xa  xsprout.o [2]
  .text                  ro code   0x800'5bac      0x4a  platform_util.o [1]
  .rodata                const     0x800'5bf6       0x2  xlocale_c.o [2]
  .text                  ro code   0x800'5bf8     0xbf8  cipher.o [1]
  .text                  ro code   0x800'67f0     0xd6c  md5.o [1]
  .text                  ro code   0x800'755c    0x1b6c  sha1.o [1]
  .text                  ro code   0x800'90c8    0x14bc  sha256.o [1]
  .text                  ro code   0x800'a584    0x183a  sha512.o [1]
  .rodata                const     0x800'bdbe       0x2  xlocale_c.o [2]
  .text                  ro code   0x800'bdc0      0x66  ABImemset.o [4]
  .rodata                const     0x800'be26       0x1  ssl_ciphersuites.o [1]
  .rodata                const     0x800'be27       0x1  ssl_tls.o [1]
  .text                  ro code   0x800'be28     0x6ac  dhm.o [1]
  .text                  ro code   0x800'c4d4     0x4f6  ecdh.o [1]
  .rodata                const     0x800'c9ca       0x1  unwind_debug.o [5]
  .rodata                const     0x800'c9cb       0x1  xlocale_c.o [2]
  .text                  ro code   0x800'c9cc      0x96  ABImemmove.o [4]
  .text                  ro code   0x800'ca64    0x14dc  dlmalloc.o [2]
  .text                  ro code   0x800'df40       0x4  heaptramp0.o [2]
  .text                  ro code   0x800'df44      0x68  memcmp.o [4]
  .text                  ro code   0x800'dfac      0x1e  U64Shr.o [4]
  .text                  ro code   0x800'dfcc      0x22  I64Shl.o [4]
  .text                  ro code   0x800'dff0    0x163c  x509_crt.o [1]
  .text                  ro code   0x800'f62c     0x386  pk.o [1]
  .text                  ro code   0x800'f9b4    0x2f94  bignum.o [1]
  .text                  ro code   0x801'2948    0x21cc  ssl_cli.o [1]
  .text                  ro code   0x801'4b14    0x25fc  ssl_srv.o [1]
  .text                  ro code   0x801'7110     0x10c  ssl_ciphersuites.o [1]
  .text                  ro code   0x801'721c    0x27e8  ecp.o [1]
  .text                  ro code   0x801'9a04       0xa  gmtime.o [2]
  .text                  ro code   0x801'9a10     0x514  chacha20.o [1]
  .text                  ro code   0x801'9f24     0x91c  gcm.o [1]
  .text                  ro code   0x801'a840     0x46c  chachapoly.o [1]
  .text                  ro code   0x801'acac     0x65a  ccm.o [1]
  .text                  ro code   0x801'b308    0x1a94  ecp_curves.o [1]
  .text                  ro code   0x801'cd9c       0x6  abort.o [2]
  .text                  ro code   0x801'cda4      0x2c  xgetmemchunk.o [2]
  .text                  ro code   0x801'cdd0       0x6  ABImemclr.o [4]
  .text                  ro code   0x801'cdd6     0x44e  asn1parse.o [1]
  .text                  ro code   0x801'd224     0xa44  x509.o [1]
  .text                  ro code   0x801'dc68     0x354  oid.o [1]
  .text                  ro code   0x801'dfbc    0x111c  pkparse.o [1]
  .text                  ro code   0x801'f0d8      0x2c  strstr.o [2]
  .text                  ro code   0x801'f104     0x690  pem.o [1]
  .text                  ro code   0x801'f794    0x1bb8  rsa.o [1]
  .text                  ro code   0x802'134c       0x4  time_trampoline.o [2]
  .text                  ro code   0x802'1350     0x10c  xttotm.o [2]
  .text                  ro code   0x802'145c     0x740  poly1305.o [1]
  .text                  ro code   0x802'1b9c      0x14  exit.o [5]
  .text                  ro code   0x802'1bb0     0x524  pkcs12.o [1]
  .text                  ro code   0x802'20d4     0x404  pkcs5.o [1]
  .text                  ro code   0x802'24d8      0x16  strchr.o [4]
  .text                  ro code   0x802'24f0     0xe2c  des.o [1]
  .text                  ro code   0x802'331c    0x1730  aes.o [1]
  .text                  ro code   0x802'4a4c     0x178  base64.o [1]
  .text                  ro code   0x802'4bc4     0x690  rsa_internal.o [1]
  .text                  ro code   0x802'5254      0x12  time.o [5]
  .text                  ro code   0x802'5268      0x6c  xDaysTo.o [2]
  .text                  ro code   0x802'52d4       0x6  xisdst_nop.o [2]
  .text                  ro code   0x802'52dc      0xe8  arc4.o [1]
  .text                  ro code   0x802'53c4    0x1c58  tcp_in.o [1]
  .text                  ro code   0x802'701c      0x28  printf.o [2]
  .text                  ro code   0x802'7044    0x184c  tcp.o [1]
  .text                  ro code   0x802'8890      0x50  ip4_addr.o [1]
  .text                  ro code   0x802'88e0      0x2c  def.o [1]
  .text                  ro code   0x802'890c     0xc5e  pbuf.o [1]
  .text                  ro code   0x802'956c    0x19a4  tcp_out.o [1]
  .text                  ro code   0x802'af10     0x25c  timeouts.o [1]
  .text                  ro code   0x802'b16c     0x45c  ip4.o [1]
  .text                  ro code   0x802'b5c8    0x10c6  xprintffull.o [2]
  .text                  ro code   0x802'c690      0x9c  rand.o [2]
  .text                  ro code   0x802'c72c     0x144  memp.o [1]
  .text                  ro code   0x802'c870     0x3c8  netif.o [1]
  .text                  ro code   0x802'cc38     0x144  sys_arch.o [1]
  .text                  ro code   0x802'cd7c     0x268  tcpip.o [1]
  .text                  ro code   0x802'cfe4     0x6fc  mem.o [1]
  .text                  ro code   0x802'd6e0     0x568  ethernetif.o [1]
  .text                  ro code   0x802'dc48     0xa80  ip4_frag.o [1]
  .text                  ro code   0x802'e6c8     0x864  udp.o [1]
  .text                  ro code   0x802'ef2c     0x2c0  icmp.o [1]
  .text                  ro code   0x802'f1ec      0x7c  xlocale_c.o [2]
  .text                  ro code   0x802'f268      0x40  xfail_s.o [2]
  .text                  ro code   0x802'f2a8      0x58  memchr.o [4]
  .text                  ro code   0x802'f300      0x70  frexp.o [3]
  .text                  ro code   0x802'f370      0x2e  DblCmpLe.o [3]
  .text                  ro code   0x802'f3a0      0x2e  DblCmpGe.o [3]
  .text                  ro code   0x802'f3d0     0x104  ldexp.o [3]
  .text                  ro code   0x802'f4d4       0xe  DblToS32.o [3]
  .text                  ro code   0x802'f4e2       0xe  S32ToDbl.o [3]
  .text                  ro code   0x802'f4f0      0x12  DblSub.o [3]
  .text                  ro code   0x802'f502      0x12  DblDiv.o [3]
  .text                  ro code   0x802'f514       0xe  DblToU32.o [3]
  .text                  ro code   0x802'f522       0xe  U32ToDbl.o [3]
  .text                  ro code   0x802'f530      0x12  DblMul.o [3]
  .text                  ro code   0x802'f542       0xa  xmbcurmax.o [2]
  .text                  ro code   0x802'f54c     0x230  I64DivMod.o [4]
  .text                  ro code   0x802'f77c     0xb30  etharp.o [1]
  .text                  ro code   0x803'02ac     0x86c  cmsis_os2.o [1]
  .text                  ro code   0x803'0b18       0x6  ABImemclr4.o [4]
  .text                  ro code   0x803'0b20      0x4c  init.o [1]
  .text                  ro code   0x803'0b6c     0x288  stm32f7xx_hal_gpio.o [1]
  .text                  ro code   0x803'0df4     0x110  stm32f7xx_hal_cortex.o [1]
  .text                  ro code   0x803'0f04     0xabc  stm32f7xx_hal_eth.o [1]
  .text                  ro code   0x803'19c0       0xc  stm32f7xx_hal.o [1]
  .text                  ro code   0x803'19cc       0x2  I64DivZer.o [4]
  .text                  ro code   0x803'19d0     0x158  ethernet.o [1]
  .text                  ro code   0x803'1b28    0x16de  dhcp.o [1]
  .text                  ro code   0x803'3208     0xc38  tasks.o [1]
  .text                  ro code   0x803'3e40     0xd64  queue.o [1]
  .text                  ro code   0x803'4ba4      0x32  ABImemset48.o [4]
  .text                  ro code   0x803'4bd8     0x498  dns.o [1]
  .text                  ro code   0x803'5070     0x6e0  stm32f7xx_hal_rcc.o [1]
  .text                  ro code   0x803'5750      0x28  stm32f7xx_hal.o [1]
  .text                  ro code   0x803'5778       0x2  stm32f7xx_hal_eth.o [1]
  .text                  ro code   0x803'577a       0x2  stm32f7xx_hal_eth.o [1]
  .text                  ro code   0x803'577c     0x288  heap_4.o [1]
  .text                  ro code   0x803'5a04      0x9a  list.o [1]
  .text                  ro code   0x803'5aa0     0x244  port.o [1]
  .text                  ro code   0x803'5ce4     0x4f4  timers.o [1]
  .text                  ro code   0x803'61d8      0x94  stm32f7xx_hal_timebase_tim.o [1]
  CODE                   ro code   0x803'626c      0xb4  portasm.o [1]
  .text                  ro code   0x803'6320     0x2fa  stm32f7xx_hal_tim.o [1]
  .text                  ro code   0x803'661a       0x2  stm32f7xx_hal_tim.o [1]
  .text                  ro code   0x803'661c       0x2  stm32f7xx_hal_tim.o [1]
  .text                  ro code   0x803'661e       0x2  stm32f7xx_hal_tim.o [1]
  .text                  ro code   0x803'6620     0x38c  main.o [1]
  .text                  ro code   0x803'69ac       0x2  stm32f7xx_hal_tim_ex.o [1]
  .text                  ro code   0x803'69ae       0x2  stm32f7xx_hal_tim_ex.o [1]
  .text                  ro code   0x803'69b0       0x2  stm32f7xx_hal_tim.o [1]
  .text                  ro code   0x803'69b2       0x2  stm32f7xx_hal_tim_ex.o [1]
  .text                  ro code   0x803'69b4      0x16  stm32f7xx_hal.o [1]
  .text                  ro code   0x803'69cc     0x13c  userFunctions.o [1]
  .text                  ro code   0x803'6b08      0x14  memset.o [4]
  .text                  ro code   0x803'6b1c      0x78  stm32f7xx_hal_pwr_ex.o [1]
  .text                  ro code   0x803'6b94     0x600  stm32f7xx_hal_rcc_ex.o [1]
  .text                  ro code   0x803'7194     0x112  stm32f7xx_hal_rng.o [1]
  .text                  ro code   0x803'72a8      0xd0  stm32f7xx_hal_spi.o [1]
  .text                  ro code   0x803'7378     0x9a4  stm32f7xx_hal_uart.o [1]
  .text                  ro code   0x803'7d1c     0x180  stm32f7xx_hal_pcd.o [1]
  .text                  ro code   0x803'7e9c      0x18  stm32f7xx_hal.o [1]
  .text                  ro code   0x803'7eb4     0x21c  stm32f7xx_hal_msp.o [1]
  .text                  ro code   0x803'80d0      0xda  debugTerm.o [1]
  .text                  ro code   0x803'81ac     0x450  mqttClient.o [1]
  .text                  ro code   0x803'85fc      0x40  sprintf.o [2]
  .text                  ro code   0x803'863c       0x2  stm32f7xx_hal_rng.o [1]
  .text                  ro code   0x803'863e       0x2  stm32f7xx_hal_rng.o [1]
  .text                  ro code   0x803'8640      0x28  stm32f7xx_hal_dma.o [1]
  .text                  ro code   0x803'8668       0x2  stm32f7xx_hal_uart.o [1]
  .text                  ro code   0x803'866a       0x2  stm32f7xx_hal_uart.o [1]
  .text                  ro code   0x803'866c     0x390  stm32f7xx_ll_usb.o [1]
  .text                  ro code   0x803'89fc      0x28  stm32f7xx_hal_pcd_ex.o [1]
  .text                  ro code   0x803'8a24       0xa  net_sockets.o [1]
  .text                  ro code   0x803'8a30     0xed4  altcp_tls_mbedtls.o [1]
  .text                  ro code   0x803'9904    0x1608  mqtt.o [1]
  .text                  ro code   0x803'af0c      0x12  strcmp.o [4]
  .text                  ro code   0x803'af20      0x6c  lwip.o [1]
  .text                  ro code   0x803'af8c     0x52c  altcp.o [1]
  .text                  ro code   0x803'b4b8      0x80  altcp_tls_mbedtls_mem.o [1]
  .text                  ro code   0x803'b538      0x94  entropy.o [1]
  .text                  ro code   0x803'b5cc     0x526  ctr_drbg.o [1]
  .text                  ro code   0x803'baf2      0x30  altcp_alloc.o [1]
  .text                  ro code   0x803'bb24     0x720  altcp_tcp.o [1]
  .text                  ro code   0x803'c244    0x1ab4  ripemd160.o [1]
  .rodata                const     0x803'dcf8    0x1280  ssl_ciphersuites.o [1]
  .rodata                const     0x803'ef78    0x1000  blowfish.o [1]
  .text                  ro code   0x803'ff78     0xd24  camellia.o [1]
  .text                  ro code   0x804'0c9c     0x6b2  ecdsa.o [1]
  .text                  ro code   0x804'1350     0x322  hmac_drbg.o [1]
  .text                  ro code   0x804'1672     0x1ea  asn1write.o [1]
  .rodata                const     0x804'185c     0x6ac  certificates.o [1]
  .text                  ro code   0x804'1f08     0x684  cipher_wrap.o [1]
  .text                  ro code   0x804'258c     0x4d4  blowfish.o [1]
  .rodata                const     0x804'2a60     0x544  certificates.o [1]
  .rodata                const     0x804'2fa4     0x514  certificates.o [1]
  .text                  ro code   0x804'34b8     0x394  pk_wrap.o [1]
  .rodata                const     0x804'384c     0x340  ssl_ciphersuites.o [1]
  .text                  ro code   0x804'3b8c     0x2e4  md_wrap.o [1]
  .rodata                const     0x804'3e70     0x2a0  bignum.o [1]
  .rodata                const     0x804'4110     0x280  sha512.o [1]
  .rodata                const     0x804'4390     0x1b8  cipher_wrap.o [1]
  .rodata                const     0x804'4548     0x118  oid.o [1]
  .rodata                const     0x804'4660     0x100  camellia.o [1]
  .rodata                const     0x804'4760     0x100  camellia.o [1]
  .rodata                const     0x804'4860     0x100  camellia.o [1]
  .rodata                const     0x804'4960     0x100  camellia.o [1]
  .rodata                const     0x804'4a60     0x100  des.o [1]
  .rodata                const     0x804'4b60     0x100  des.o [1]
  .rodata                const     0x804'4c60     0x100  des.o [1]
  .rodata                const     0x804'4d60     0x100  des.o [1]
  .rodata                const     0x804'4e60     0x100  des.o [1]
  .rodata                const     0x804'4f60     0x100  des.o [1]
  .rodata                const     0x804'5060     0x100  des.o [1]
  .rodata                const     0x804'5160     0x100  des.o [1]
  .rodata                const     0x804'5260     0x100  sha256.o [1]
  .rodata                const     0x804'5360     0x100  ssl_tls.o [1]
  .rodata                const     0x804'5460      0xf0  oid.o [1]
  .rodata                const     0x804'5550      0xa0  camellia.o [1]
  .rodata                const     0x804'55f0      0x90  altcp_tls_mbedtls_mem.o [1]
  .rodata                const     0x804'5680      0x90  ecp.o [1]
  .rodata                const     0x804'5710      0x8c  altcp_tls_mbedtls.o [1]
  .rodata                const     0x804'579c      0x8c  oid.o [1]
  .rodata                const     0x804'5828      0x80  base64.o [1]
  .rodata                const     0x804'58a8      0x80  gcm.o [1]
  .rodata                const     0x804'5928      0x7c  etharp.o [1]
  .rodata                const     0x804'59a4      0x7c  ip4_frag.o [1]
  .rodata                const     0x804'5a20      0x78  altcp_tcp.o [1]
  .rodata                const     0x804'5a98      0x78  dhcp.o [1]
  .rodata                const     0x804'5b10      0x78  ethernet.o [1]
  .rodata                const     0x804'5b88      0x78  icmp.o [1]
  .rodata                const     0x804'5c00      0x78  ip4.o [1]
  .rodata                const     0x804'5c78      0x78  mqtt.o [1]
  .rodata                const     0x804'5cf0      0x78  oid.o [1]
  .rodata                const     0x804'5d68      0x78  oid.o [1]
  .rodata                const     0x804'5de0      0x78  tcp_in.o [1]
  .rodata                const     0x804'5e58      0x78  tcp_out.o [1]
  .rodata                const     0x804'5ed0      0x78  timeouts.o [1]
  .text                  ro code   0x804'5f48      0x78  lz77_init_single.o [4]
  .rodata                const     0x804'5fc0      0x74  dns.o [1]
  .rodata                const     0x804'6034      0x74  init.o [1]
  .rodata                const     0x804'60a8      0x74  mem.o [1]
  .rodata                const     0x804'611c      0x74  memp.o [1]
  .rodata                const     0x804'6190      0x74  netif.o [1]
  .rodata                const     0x804'6204      0x74  pbuf.o [1]
  .rodata                const     0x804'6278      0x74  tcp.o [1]
  .rodata                const     0x804'62ec      0x74  tcpip.o [1]
  .rodata                const     0x804'6360      0x74  udp.o [1]
  .rodata                const     0x804'63d4      0x58  ethernetif.o [1]
  .rodata                const     0x804'642c      0x58  tcp_out.o [1]
  .rodata                const     0x804'6484      0x54  altcp_tcp.o [1]
  .rodata                const     0x804'64d8      0x54  altcp_tls_mbedtls.o [1]
  .text                  ro code   0x804'652c      0x54  hardware_rng.o [1]
  .rodata                const     0x804'6580      0x50  oid.o [1]
  .rodata                const     0x804'65d0      0x48  blowfish.o [1]
  .rodata                const     0x804'6618      0x44  dhcp.o [1]
  .rodata                const     0x804'665c      0x44  ecp_curves.o [1]
  .rodata                const     0x804'66a0      0x44  ecp_curves.o [1]
  .rodata                const     0x804'66e4      0x44  ecp_curves.o [1]
  .rodata                const     0x804'6728      0x44  ecp_curves.o [1]
  .rodata                const     0x804'676c      0x44  ecp_curves.o [1]
  .rodata                const     0x804'67b0      0x44  etharp.o [1]
  .rodata                const     0x804'67f4      0x44  init.o [1]
  .rodata                const     0x804'6838      0x44  mqtt.o [1]
  .rodata                const     0x804'687c      0x44  mqtt.o [1]
  .text                  ro code   0x804'68c0      0x44  stm32f7xx_it.o [1]
  .rodata                const     0x804'6904      0x40  altcp_tls_mbedtls.o [1]
  .rodata                const     0x804'6944      0x40  des.o [1]
  .rodata                const     0x804'6984      0x40  des.o [1]
  .rodata                const     0x804'69c4      0x40  dhcp.o [1]
  .rodata                const     0x804'6a04      0x40  ecp_curves.o [1]
  .rodata                const     0x804'6a44      0x40  ecp_curves.o [1]
  .rodata                const     0x804'6a84      0x40  ecp_curves.o [1]
  .rodata                const     0x804'6ac4      0x40  ecp_curves.o [1]
  .rodata                const     0x804'6b04      0x40  ecp_curves.o [1]
  .rodata                const     0x804'6b44      0x40  ecp_curves.o [1]
  .rodata                const     0x804'6b84      0x40  etharp.o [1]
  .rodata                const     0x804'6bc4      0x40  mqtt.o [1]
  .rodata                const     0x804'6c04      0x40  mqtt.o [1]
  .rodata                const     0x804'6c44      0x40  mqtt.o [1]
  .rodata                const     0x804'6c84      0x40  mqtt.o [1]
  .rodata                const     0x804'6cc4      0x40  mqtt.o [1]
  .rodata                const     0x804'6d04      0x40  ripemd160.o [1]
  .rodata                const     0x804'6d44      0x40  tcp_out.o [1]
  .rodata                const     0x804'6d84      0x40  timeouts.o [1]
  .rodata                const     0x804'6dc4      0x3c  dhcp.o [1]
  .rodata                const     0x804'6e00      0x3c  dhcp.o [1]
  .rodata                const     0x804'6e3c      0x3c  ecp_curves.o [1]
  .rodata                const     0x804'6e78      0x3c  memp.o [1]
  .rodata                const     0x804'6eb4      0x3c  mqtt.o [1]
  .rodata                const     0x804'6ef0      0x3c  mqtt.o [1]
  .rodata                const     0x804'6f2c      0x3c  oid.o [1]
  .rodata                const     0x804'6f68      0x3c  oid.o [1]
  .rodata                const     0x804'6fa4      0x3c  tcp_in.o [1]
  .rodata                const     0x804'6fe0      0x3c  tcp_out.o [1]
  .rodata                const     0x804'701c      0x3c  tcp_out.o [1]
  .rodata                const     0x804'7058      0x38  dhcp.o [1]
  .rodata                const     0x804'7090      0x38  icmp.o [1]
  .rodata                const     0x804'70c8      0x38  ip4_frag.o [1]
  .rodata                const     0x804'7100      0x38  mqtt.o [1]
  .rodata                const     0x804'7138      0x38  pbuf.o [1]
  .rodata                const     0x804'7170      0x38  rsa_internal.o [1]
  .rodata                const     0x804'71a8      0x38  tcp.o [1]
  .rodata                const     0x804'71e0      0x38  tcp.o [1]
  .rodata                const     0x804'7218      0x38  tcp_in.o [1]
  .rodata                const     0x804'7250      0x38  tcp_out.o [1]
  .rodata                const     0x804'7288      0x38  tcp_out.o [1]
  .rodata                const     0x804'72c0      0x38  timeouts.o [1]
  .rodata                const     0x804'72f8      0x34  etharp.o [1]
  .rodata                const     0x804'732c      0x34  ethernet.o [1]
  .rodata                const     0x804'7360      0x34  icmp.o [1]
  .rodata                const     0x804'7394      0x34  mem.o [1]
  .rodata                const     0x804'73c8      0x34  mqtt.o [1]
  .rodata                const     0x804'73fc      0x34  mqttClient.o [1]
  .rodata                const     0x804'7430      0x34  mqttClient.o [1]
  .rodata                const     0x804'7464      0x34  pbuf.o [1]
  .rodata                const     0x804'7498      0x34  tcp.o [1]
  .rodata                const     0x804'74cc      0x34  tcp.o [1]
  .rodata                const     0x804'7500      0x34  tcp.o [1]
  .rodata                const     0x804'7534      0x34  tcp_out.o [1]
  .rodata                const     0x804'7568      0x34  tcp_out.o [1]
  .rodata                const     0x804'759c      0x30  camellia.o [1]
  .rodata                const     0x804'75cc      0x30  cipher_wrap.o [1]
  .rodata                const     0x804'75fc      0x30  cipher_wrap.o [1]
  .rodata                const     0x804'762c      0x30  cipher_wrap.o [1]
  .rodata                const     0x804'765c      0x30  cipher_wrap.o [1]
  .rodata                const     0x804'768c      0x30  cipher_wrap.o [1]
  .rodata                const     0x804'76bc      0x30  cipher_wrap.o [1]
  .rodata                const     0x804'76ec      0x30  cipher_wrap.o [1]
  .rodata                const     0x804'771c      0x30  cipher_wrap.o [1]
  .rodata                const     0x804'774c      0x30  cipher_wrap.o [1]
  .rodata                const     0x804'777c      0x30  cipher_wrap.o [1]
  .rodata                const     0x804'77ac      0x30  cipher_wrap.o [1]
  .rodata                const     0x804'77dc      0x30  cipher_wrap.o [1]
  .rodata                const     0x804'780c      0x30  cipher_wrap.o [1]
  .rodata                const     0x804'783c      0x30  cipher_wrap.o [1]
  .rodata                const     0x804'786c      0x30  ecp_curves.o [1]
  .rodata                const     0x804'789c      0x30  ecp_curves.o [1]
  .rodata                const     0x804'78cc      0x30  ecp_curves.o [1]
  .rodata                const     0x804'78fc      0x30  ecp_curves.o [1]
  .rodata                const     0x804'792c      0x30  ecp_curves.o [1]
  .rodata                const     0x804'795c      0x30  ecp_curves.o [1]
  .rodata                const     0x804'798c      0x30  ecp_curves.o [1]
  .rodata                const     0x804'79bc      0x30  ecp_curves.o [1]
  .rodata                const     0x804'79ec      0x30  ecp_curves.o [1]
  .rodata                const     0x804'7a1c      0x30  ecp_curves.o [1]
  .rodata                const     0x804'7a4c      0x30  ecp_curves.o [1]
  .rodata                const     0x804'7a7c      0x30  etharp.o [1]
  .rodata                const     0x804'7aac      0x30  ip4.o [1]
  .rodata                const     0x804'7adc      0x30  md_wrap.o [1]
  .rodata                const     0x804'7b0c      0x30  md_wrap.o [1]
  .rodata                const     0x804'7b3c      0x30  md_wrap.o [1]
  .rodata                const     0x804'7b6c      0x30  md_wrap.o [1]
  .rodata                const     0x804'7b9c      0x30  md_wrap.o [1]
  .rodata                const     0x804'7bcc      0x30  md_wrap.o [1]
  .rodata                const     0x804'7bfc      0x30  md_wrap.o [1]
  .rodata                const     0x804'7c2c      0x30  mem.o [1]
  .rodata                const     0x804'7c5c      0x30  mem.o [1]
  .rodata                const     0x804'7c8c      0x30  mqtt.o [1]
  .rodata                const     0x804'7cbc      0x30  mqtt.o [1]
  .rodata                const     0x804'7cec      0x30  mqttClient.o [1]
  .rodata                const     0x804'7d1c      0x30  netif.o [1]
  .rodata                const     0x804'7d4c      0x30  pbuf.o [1]
  .rodata                const     0x804'7d7c      0x30  pbuf.o [1]
  .rodata                const     0x804'7dac      0x30  pbuf.o [1]
  .rodata                const     0x804'7ddc      0x30  pk_wrap.o [1]
  .rodata                const     0x804'7e0c      0x30  pk_wrap.o [1]
  .rodata                const     0x804'7e3c      0x30  pk_wrap.o [1]
  .rodata                const     0x804'7e6c      0x30  pk_wrap.o [1]
  .rodata                const     0x804'7e9c      0x30  ssl_ciphersuites.o [1]
  .rodata                const     0x804'7ecc      0x30  ssl_ciphersuites.o [1]
  .rodata                const     0x804'7efc      0x30  ssl_ciphersuites.o [1]
  .rodata                const     0x804'7f2c      0x30  ssl_ciphersuites.o [1]
  .rodata                const     0x804'7f5c      0x30  ssl_ciphersuites.o [1]
  .rodata                const     0x804'7f8c      0x30  tcp.o [1]
  .rodata                const     0x804'7fbc      0x30  tcp.o [1]
  .rodata                const     0x804'7fec      0x30  tcp.o [1]
  .rodata                const     0x804'801c      0x30  tcp.o [1]
  .rodata                const     0x804'804c      0x30  tcp.o [1]
  .rodata                const     0x804'807c      0x30  tcp_in.o [1]
  .rodata                const     0x804'80ac      0x30  tcp_out.o [1]
  .rodata                const     0x804'80dc      0x30  tcp_out.o [1]
  .rodata                const     0x804'810c      0x30  timeouts.o [1]
  .rodata                const     0x804'813c      0x30  udp.o [1]
  .rodata                const     0x804'816c      0x2c  altcp_tls_mbedtls.o [1]
  .rodata                const     0x804'8198      0x2c  etharp.o [1]
  .rodata                const     0x804'81c4      0x2c  icmp.o [1]
  .rodata                const     0x804'81f0      0x2c  mem.o [1]
  .rodata                const     0x804'821c      0x2c  mqtt.o [1]
  .rodata                const     0x804'8248      0x2c  mqtt.o [1]
  .rodata                const     0x804'8274      0x2c  mqttClient.o [1]
  .rodata                const     0x804'82a0      0x2c  mqttClient.o [1]
  .rodata                const     0x804'82cc      0x2c  pbuf.o [1]
  .rodata                const     0x804'82f8      0x2c  pbuf.o [1]
  .rodata                const     0x804'8324      0x2c  ssl_ciphersuites.o [1]
  .rodata                const     0x804'8350      0x2c  ssl_ciphersuites.o [1]
  .rodata                const     0x804'837c      0x2c  ssl_ciphersuites.o [1]
  .rodata                const     0x804'83a8      0x2c  ssl_ciphersuites.o [1]
  .rodata                const     0x804'83d4      0x2c  ssl_ciphersuites.o [1]
  .rodata                const     0x804'8400      0x2c  ssl_ciphersuites.o [1]
  .rodata                const     0x804'842c      0x2c  ssl_ciphersuites.o [1]
  .rodata                const     0x804'8458      0x2c  ssl_ciphersuites.o [1]
  .rodata                const     0x804'8484      0x2c  ssl_ciphersuites.o [1]
  .rodata                const     0x804'84b0      0x2c  ssl_ciphersuites.o [1]
  .rodata                const     0x804'84dc      0x2c  ssl_ciphersuites.o [1]
  .rodata                const     0x804'8508      0x2c  ssl_ciphersuites.o [1]
  .rodata                const     0x804'8534      0x2c  ssl_ciphersuites.o [1]
  .rodata                const     0x804'8560      0x2c  ssl_ciphersuites.o [1]
  .rodata                const     0x804'858c      0x2c  ssl_ciphersuites.o [1]
  .rodata                const     0x804'85b8      0x2c  ssl_ciphersuites.o [1]
  .rodata                const     0x804'85e4      0x2c  ssl_ciphersuites.o [1]
  .rodata                const     0x804'8610      0x2c  ssl_ciphersuites.o [1]
  .rodata                const     0x804'863c      0x2c  ssl_ciphersuites.o [1]
  .rodata                const     0x804'8668      0x2c  ssl_ciphersuites.o [1]
  .rodata                const     0x804'8694      0x2c  ssl_ciphersuites.o [1]
  .rodata                const     0x804'86c0      0x2c  ssl_ciphersuites.o [1]
  .rodata                const     0x804'86ec      0x2c  ssl_ciphersuites.o [1]
  .rodata                const     0x804'8718      0x2c  ssl_ciphersuites.o [1]
  .rodata                const     0x804'8744      0x2c  ssl_ciphersuites.o [1]
  .rodata                const     0x804'8770      0x2c  ssl_ciphersuites.o [1]
  .rodata                const     0x804'879c      0x2c  ssl_ciphersuites.o [1]
  .rodata                const     0x804'87c8      0x2c  ssl_ciphersuites.o [1]
  .rodata                const     0x804'87f4      0x2c  ssl_ciphersuites.o [1]
  .rodata                const     0x804'8820      0x2c  ssl_ciphersuites.o [1]
  .rodata                const     0x804'884c      0x2c  ssl_ciphersuites.o [1]
  .rodata                const     0x804'8878      0x2c  tcp.o [1]
  .rodata                const     0x804'88a4      0x2c  tcp.o [1]
  .rodata                const     0x804'88d0      0x2c  tcp.o [1]
  .rodata                const     0x804'88fc      0x2c  tcp.o [1]
  .rodata                const     0x804'8928      0x2c  tcp.o [1]
  .rodata                const     0x804'8954      0x2c  tcp.o [1]
  .rodata                const     0x804'8980      0x2c  tcp.o [1]
  .rodata                const     0x804'89ac      0x2c  tcp_in.o [1]
  .rodata                const     0x804'89d8      0x2c  tcp_in.o [1]
  .rodata                const     0x804'8a04      0x2c  tcp_in.o [1]
  .rodata                const     0x804'8a30      0x2c  tcp_out.o [1]
  .rodata                const     0x804'8a5c      0x2c  tcp_out.o [1]
  .rodata                const     0x804'8a88      0x2c  tcp_out.o [1]
  .rodata                const     0x804'8ab4      0x28  altcp_tcp.o [1]
  .rodata                const     0x804'8adc      0x28  altcp_tls_mbedtls.o [1]
  .rodata                const     0x804'8b04      0x28  altcp_tls_mbedtls.o [1]
  .rodata                const     0x804'8b2c      0x28  altcp_tls_mbedtls_mem.o [1]
  .rodata                const     0x804'8b54      0x28  camellia.o [1]
  .rodata                const     0x804'8b7c      0x28  dhcp.o [1]
  .rodata                const     0x804'8ba4      0x28  dhcp.o [1]
  .rodata                const     0x804'8bcc      0x28  dns.o [1]
  .rodata                const     0x804'8bf4      0x28  etharp.o [1]
  .rodata                const     0x804'8c1c      0x28  etharp.o [1]
  .rodata                const     0x804'8c44      0x28  ethernet.o [1]
  .rodata                const     0x804'8c6c      0x28  ethernetif.o [1]
  .rodata                const     0x804'8c94      0x28  icmp.o [1]
  .rodata                const     0x804'8cbc      0x28  init.o [1]
  .rodata                const     0x804'8ce4      0x28  ip4.o [1]
  .rodata                const     0x804'8d0c      0x28  ip4_frag.o [1]
  .rodata                const     0x804'8d34      0x28  mem.o [1]
  .rodata                const     0x804'8d5c      0x28  mem.o [1]
  .rodata                const     0x804'8d84      0x28  memp.o [1]
  .rodata                const     0x804'8dac      0x28  mqtt.o [1]
  .rodata                const     0x804'8dd4      0x28  mqtt.o [1]
  .rodata                const     0x804'8dfc      0x28  mqtt.o [1]
  .rodata                const     0x804'8e24      0x28  mqtt.o [1]
  .rodata                const     0x804'8e4c      0x28  mqtt.o [1]
  .rodata                const     0x804'8e74      0x28  mqtt.o [1]
  .rodata                const     0x804'8e9c      0x28  mqtt.o [1]
  .rodata                const     0x804'8ec4      0x28  mqttClient.o [1]
  .rodata                const     0x804'8eec      0x28  netif.o [1]
  .rodata                const     0x804'8f14      0x28  pbuf.o [1]
  .rodata                const     0x804'8f3c      0x28  pkparse.o [1]
  .rodata                const     0x804'8f64      0x28  ssl_ciphersuites.o [1]
  .rodata                const     0x804'8f8c      0x28  ssl_ciphersuites.o [1]
  .rodata                const     0x804'8fb4      0x28  ssl_ciphersuites.o [1]
  .rodata                const     0x804'8fdc      0x28  ssl_ciphersuites.o [1]
  .rodata                const     0x804'9004      0x28  ssl_ciphersuites.o [1]
  .rodata                const     0x804'902c      0x28  ssl_ciphersuites.o [1]
  .rodata                const     0x804'9054      0x28  ssl_ciphersuites.o [1]
  .rodata                const     0x804'907c      0x28  ssl_ciphersuites.o [1]
  .rodata                const     0x804'90a4      0x28  ssl_ciphersuites.o [1]
  .rodata                const     0x804'90cc      0x28  ssl_ciphersuites.o [1]
  .rodata                const     0x804'90f4      0x28  ssl_ciphersuites.o [1]
  .rodata                const     0x804'911c      0x28  ssl_ciphersuites.o [1]
  .rodata                const     0x804'9144      0x28  ssl_ciphersuites.o [1]
  .rodata                const     0x804'916c      0x28  ssl_ciphersuites.o [1]
  .rodata                const     0x804'9194      0x28  ssl_ciphersuites.o [1]
  .rodata                const     0x804'91bc      0x28  ssl_ciphersuites.o [1]
  .rodata                const     0x804'91e4      0x28  ssl_ciphersuites.o [1]
  .rodata                const     0x804'920c      0x28  ssl_ciphersuites.o [1]
  .rodata                const     0x804'9234      0x28  ssl_ciphersuites.o [1]
  .rodata                const     0x804'925c      0x28  ssl_ciphersuites.o [1]
  .rodata                const     0x804'9284      0x28  ssl_ciphersuites.o [1]
  .rodata                const     0x804'92ac      0x28  ssl_ciphersuites.o [1]
  .rodata                const     0x804'92d4      0x28  ssl_ciphersuites.o [1]
  .rodata                const     0x804'92fc      0x28  ssl_ciphersuites.o [1]
  .rodata                const     0x804'9324      0x28  ssl_ciphersuites.o [1]
  .rodata                const     0x804'934c      0x28  ssl_ciphersuites.o [1]
  .rodata                const     0x804'9374      0x28  ssl_ciphersuites.o [1]
  .rodata                const     0x804'939c      0x28  ssl_ciphersuites.o [1]
  .rodata                const     0x804'93c4      0x28  ssl_ciphersuites.o [1]
  .rodata                const     0x804'93ec      0x28  ssl_ciphersuites.o [1]
  .rodata                const     0x804'9414      0x28  ssl_ciphersuites.o [1]
  .rodata                const     0x804'943c      0x28  ssl_ciphersuites.o [1]
  .rodata                const     0x804'9464      0x28  ssl_ciphersuites.o [1]
  .rodata                const     0x804'948c      0x28  tcp.o [1]
  .rodata                const     0x804'94b4      0x28  tcp.o [1]
  .rodata                const     0x804'94dc      0x28  tcp.o [1]
  .rodata                const     0x804'9504      0x28  tcp.o [1]
  .rodata                const     0x804'952c      0x28  tcp.o [1]
  .rodata                const     0x804'9554      0x28  tcp.o [1]
  .rodata                const     0x804'957c      0x28  tcp.o [1]
  .rodata                const     0x804'95a4      0x28  tcp.o [1]
  .rodata                const     0x804'95cc      0x28  tcp.o [1]
  .rodata                const     0x804'95f4      0x28  tcp.o [1]
  .rodata                const     0x804'961c      0x28  tcp.o [1]
  .rodata                const     0x804'9644      0x28  tcp_in.o [1]
  .rodata                const     0x804'966c      0x28  tcp_in.o [1]
  .rodata                const     0x804'9694      0x28  tcp_in.o [1]
  .rodata                const     0x804'96bc      0x28  tcp_in.o [1]
  .rodata                const     0x804'96e4      0x28  tcp_in.o [1]
  .rodata                const     0x804'970c      0x28  tcp_in.o [1]
  .rodata                const     0x804'9734      0x28  tcp_in.o [1]
  .rodata                const     0x804'975c      0x28  tcp_out.o [1]
  .rodata                const     0x804'9784      0x28  tcp_out.o [1]
  .rodata                const     0x804'97ac      0x28  tcp_out.o [1]
  .rodata                const     0x804'97d4      0x28  tcp_out.o [1]
  .rodata                const     0x804'97fc      0x28  tcp_out.o [1]
  .rodata                const     0x804'9824      0x28  tcp_out.o [1]
  .rodata                const     0x804'984c      0x28  tcpip.o [1]
  .rodata                const     0x804'9874      0x28  timeouts.o [1]
  .rodata                const     0x804'989c      0x28  udp.o [1]
  .rodata                const     0x804'98c4      0x28  udp.o [1]
  .text                  ro code   0x804'98ec      0x28  data_init.o [4]
  .rodata                const     0x804'9914      0x24  dhcp.o [1]
  .rodata                const     0x804'9938      0x24  dhcp.o [1]
  .rodata                const     0x804'995c      0x24  ecp_curves.o [1]
  .rodata                const     0x804'9980      0x24  etharp.o [1]
  .rodata                const     0x804'99a4      0x24  ip4_frag.o [1]
  .rodata                const     0x804'99c8      0x24  ip4_frag.o [1]
  .rodata                const     0x804'99ec      0x24  main.o [1]
  .rodata                const     0x804'9a10      0x24  mem.o [1]
  .rodata                const     0x804'9a34      0x24  mem.o [1]
  .rodata                const     0x804'9a58      0x24  memp.o [1]
  .rodata                const     0x804'9a7c      0x24  mqtt.o [1]
  .rodata                const     0x804'9aa0      0x24  mqtt.o [1]
  .rodata                const     0x804'9ac4      0x24  mqtt.o [1]
  .rodata                const     0x804'9ae8      0x24  mqtt.o [1]
  .rodata                const     0x804'9b0c      0x24  mqtt.o [1]
  .rodata                const     0x804'9b30      0x24  mqtt.o [1]
  .rodata                const     0x804'9b54      0x24  mqtt.o [1]
  .rodata                const     0x804'9b78      0x24  mqtt.o [1]
  .rodata                const     0x804'9b9c      0x24  mqtt.o [1]
  .rodata                const     0x804'9bc0      0x24  mqtt.o [1]
  .rodata                const     0x804'9be4      0x24  mqtt.o [1]
  .rodata                const     0x804'9c08      0x24  mqttClient.o [1]
  .rodata                const     0x804'9c2c      0x24  netif.o [1]
  .rodata                const     0x804'9c50      0x24  netif.o [1]
  .rodata                const     0x804'9c74      0x24  pbuf.o [1]
  .rodata                const     0x804'9c98      0x24  pbuf.o [1]
  .rodata                const     0x804'9cbc      0x24  pkparse.o [1]
  .rodata                const     0x804'9ce0      0x24  ssl_ciphersuites.o [1]
  .rodata                const     0x804'9d04      0x24  ssl_ciphersuites.o [1]
  .rodata                const     0x804'9d28      0x24  ssl_ciphersuites.o [1]
  .rodata                const     0x804'9d4c      0x24  ssl_ciphersuites.o [1]
  .rodata                const     0x804'9d70      0x24  ssl_ciphersuites.o [1]
  .rodata                const     0x804'9d94      0x24  ssl_ciphersuites.o [1]
  .rodata                const     0x804'9db8      0x24  ssl_ciphersuites.o [1]
  .rodata                const     0x804'9ddc      0x24  ssl_ciphersuites.o [1]
  .rodata                const     0x804'9e00      0x24  ssl_ciphersuites.o [1]
  .rodata                const     0x804'9e24      0x24  ssl_ciphersuites.o [1]
  .rodata                const     0x804'9e48      0x24  ssl_ciphersuites.o [1]
  .rodata                const     0x804'9e6c      0x24  ssl_ciphersuites.o [1]
  .rodata                const     0x804'9e90      0x24  ssl_ciphersuites.o [1]
  .rodata                const     0x804'9eb4      0x24  ssl_ciphersuites.o [1]
  .rodata                const     0x804'9ed8      0x24  ssl_ciphersuites.o [1]
  .rodata                const     0x804'9efc      0x24  ssl_ciphersuites.o [1]
  .rodata                const     0x804'9f20      0x24  ssl_ciphersuites.o [1]
  .rodata                const     0x804'9f44      0x24  ssl_ciphersuites.o [1]
  .rodata                const     0x804'9f68      0x24  ssl_ciphersuites.o [1]
  .rodata                const     0x804'9f8c      0x24  ssl_ciphersuites.o [1]
  .rodata                const     0x804'9fb0      0x24  ssl_ciphersuites.o [1]
  .rodata                const     0x804'9fd4      0x24  ssl_ciphersuites.o [1]
  .rodata                const     0x804'9ff8      0x24  ssl_ciphersuites.o [1]
  .rodata                const     0x804'a01c      0x24  ssl_ciphersuites.o [1]
  .rodata                const     0x804'a040      0x24  ssl_ciphersuites.o [1]
  .rodata                const     0x804'a064      0x24  ssl_ciphersuites.o [1]
  .rodata                const     0x804'a088      0x24  ssl_ciphersuites.o [1]
  .rodata                const     0x804'a0ac      0x24  ssl_ciphersuites.o [1]
  .rodata                const     0x804'a0d0      0x24  ssl_ciphersuites.o [1]
  .rodata                const     0x804'a0f4      0x24  ssl_ciphersuites.o [1]
  .rodata                const     0x804'a118      0x24  ssl_ciphersuites.o [1]
  .rodata                const     0x804'a13c      0x24  ssl_ciphersuites.o [1]
  .rodata                const     0x804'a160      0x24  ssl_ciphersuites.o [1]
  .rodata                const     0x804'a184      0x24  ssl_ciphersuites.o [1]
  .rodata                const     0x804'a1a8      0x24  ssl_ciphersuites.o [1]
  .rodata                const     0x804'a1cc      0x24  ssl_ciphersuites.o [1]
  .rodata                const     0x804'a1f0      0x24  ssl_ciphersuites.o [1]
  .rodata                const     0x804'a214      0x24  ssl_ciphersuites.o [1]
  .rodata                const     0x804'a238      0x24  ssl_ciphersuites.o [1]
  .rodata                const     0x804'a25c      0x24  tcp.o [1]
  .rodata                const     0x804'a280      0x24  tcp_out.o [1]
  .rodata                const     0x804'a2a4      0x24  tcp_out.o [1]
  .rodata                const     0x804'a2c8      0x24  tcp_out.o [1]
  .rodata                const     0x804'a2ec      0x24  tcp_out.o [1]
  .rodata                const     0x804'a310      0x24  tcp_out.o [1]
  .rodata                const     0x804'a334      0x24  tcp_out.o [1]
  .rodata                const     0x804'a358      0x24  tcp_out.o [1]
  .rodata                const     0x804'a37c      0x24  tcp_out.o [1]
  .rodata                const     0x804'a3a0      0x24  tcpip.o [1]
  .rodata                const     0x804'a3c4      0x24  tcpip.o [1]
  .rodata                const     0x804'a3e8      0x24  udp.o [1]
  .rodata                const     0x804'a40c      0x24  udp.o [1]
  .rodata                const     0x804'a430      0x24  udp.o [1]
  .rodata                const     0x804'a454      0x24  udp.o [1]
  .rodata                const     0x804'a478      0x24  userFunctions.o [1]
  .text                  ro code   0x804'a49c      0x22  fpinit_M.o [3]
  .iar.init_table        const     0x804'a4c0      0x24  - Linker created -
  .rodata                const     0x804'a4e4      0x20  altcp_tls_mbedtls.o [1]
  .rodata                const     0x804'a504      0x20  camellia.o [1]
  .rodata                const     0x804'a524      0x20  dhcp.o [1]
  .rodata                const     0x804'a544      0x20  dhcp.o [1]
  .rodata                const     0x804'a564      0x20  dns.o [1]
  .rodata                const     0x804'a584      0x20  ecp_curves.o [1]
  .rodata                const     0x804'a5a4      0x20  ecp_curves.o [1]
  .rodata                const     0x804'a5c4      0x20  ecp_curves.o [1]
  .rodata                const     0x804'a5e4      0x20  ecp_curves.o [1]
  .rodata                const     0x804'a604      0x20  ecp_curves.o [1]
  .rodata                const     0x804'a624      0x20  ecp_curves.o [1]
  .rodata                const     0x804'a644      0x20  ecp_curves.o [1]
  .rodata                const     0x804'a664      0x20  ecp_curves.o [1]
  .rodata                const     0x804'a684      0x20  ecp_curves.o [1]
  .rodata                const     0x804'a6a4      0x20  ecp_curves.o [1]
  .rodata                const     0x804'a6c4      0x20  ecp_curves.o [1]
  .rodata                const     0x804'a6e4      0x20  ecp_curves.o [1]
  .rodata                const     0x804'a704      0x20  ecp_curves.o [1]
  .rodata                const     0x804'a724      0x20  ecp_curves.o [1]
  .rodata                const     0x804'a744      0x20  ecp_curves.o [1]
  .rodata                const     0x804'a764      0x20  ecp_curves.o [1]
  .rodata                const     0x804'a784      0x20  ecp_curves.o [1]
  .rodata                const     0x804'a7a4      0x20  ip4_frag.o [1]
  .rodata                const     0x804'a7c4      0x20  ip4_frag.o [1]
  .rodata                const     0x804'a7e4      0x20  ip4_frag.o [1]
  .rodata                const     0x804'a804      0x20  ip4_frag.o [1]
  .rodata                const     0x804'a824      0x20  mem.o [1]
  .rodata                const     0x804'a844      0x20  memp.o [1]
  .rodata                const     0x804'a864      0x20  memp.o [1]
  .rodata                const     0x804'a884      0x20  mqtt.o [1]
  .rodata                const     0x804'a8a4      0x20  mqtt.o [1]
  .rodata                const     0x804'a8c4      0x20  mqtt.o [1]
  .rodata                const     0x804'a8e4      0x20  mqtt.o [1]
  .rodata                const     0x804'a904      0x20  mqtt.o [1]
  .rodata                const     0x804'a924      0x20  mqtt.o [1]
  .rodata                const     0x804'a944      0x20  mqtt.o [1]
  .rodata                const     0x804'a964      0x20  mqtt.o [1]
  .rodata                const     0x804'a984      0x20  mqttClient.o [1]
  .rodata                const     0x804'a9a4      0x20  netif.o [1]
  .rodata                const     0x804'a9c4      0x20  oid.o [1]
  .rodata                const     0x804'a9e4      0x20  oid.o [1]
  .rodata                const     0x804'aa04      0x20  oid.o [1]
  .rodata                const     0x804'aa24      0x20  oid.o [1]
  .rodata                const     0x804'aa44      0x20  pbuf.o [1]
  .rodata                const     0x804'aa64      0x20  pbuf.o [1]
  .rodata                const     0x804'aa84      0x20  pbuf.o [1]
  .rodata                const     0x804'aaa4      0x20  pkparse.o [1]
  .rodata                const     0x804'aac4      0x20  pkparse.o [1]
  .rodata                const     0x804'aae4      0x20  pkparse.o [1]
  .rodata                const     0x804'ab04      0x20  pkparse.o [1]
  .rodata                const     0x804'ab24      0x20  ssl_ciphersuites.o [1]
  .rodata                const     0x804'ab44      0x20  ssl_ciphersuites.o [1]
  .rodata                const     0x804'ab64      0x20  ssl_ciphersuites.o [1]
  .rodata                const     0x804'ab84      0x20  ssl_ciphersuites.o [1]
  .rodata                const     0x804'aba4      0x20  ssl_ciphersuites.o [1]
  .rodata                const     0x804'abc4      0x20  ssl_ciphersuites.o [1]
  .rodata                const     0x804'abe4      0x20  ssl_ciphersuites.o [1]
  .rodata                const     0x804'ac04      0x20  ssl_ciphersuites.o [1]
  .rodata                const     0x804'ac24      0x20  ssl_ciphersuites.o [1]
  .rodata                const     0x804'ac44      0x20  ssl_ciphersuites.o [1]
  .rodata                const     0x804'ac64      0x20  ssl_ciphersuites.o [1]
  .rodata                const     0x804'ac84      0x20  ssl_ciphersuites.o [1]
  .rodata                const     0x804'aca4      0x20  ssl_ciphersuites.o [1]
  .rodata                const     0x804'acc4      0x20  ssl_ciphersuites.o [1]
  .rodata                const     0x804'ace4      0x20  ssl_ciphersuites.o [1]
  .rodata                const     0x804'ad04      0x20  ssl_ciphersuites.o [1]
  .rodata                const     0x804'ad24      0x20  ssl_ciphersuites.o [1]
  .rodata                const     0x804'ad44      0x20  ssl_ciphersuites.o [1]
  .rodata                const     0x804'ad64      0x20  ssl_ciphersuites.o [1]
  .rodata                const     0x804'ad84      0x20  ssl_ciphersuites.o [1]
  .rodata                const     0x804'ada4      0x20  ssl_ciphersuites.o [1]
  .rodata                const     0x804'adc4      0x20  ssl_ciphersuites.o [1]
  .rodata                const     0x804'ade4      0x20  ssl_ciphersuites.o [1]
  .rodata                const     0x804'ae04      0x20  ssl_ciphersuites.o [1]
  .rodata                const     0x804'ae24      0x20  ssl_ciphersuites.o [1]
  .rodata                const     0x804'ae44      0x20  ssl_ciphersuites.o [1]
  .rodata                const     0x804'ae64      0x20  ssl_ciphersuites.o [1]
  .rodata                const     0x804'ae84      0x20  ssl_ciphersuites.o [1]
  .rodata                const     0x804'aea4      0x20  tcp.o [1]
  .rodata                const     0x804'aec4      0x20  tcp.o [1]
  .rodata                const     0x804'aee4      0x20  tcp.o [1]
  .rodata                const     0x804'af04      0x20  tcp.o [1]
  .rodata                const     0x804'af24      0x20  tcp.o [1]
  .rodata                const     0x804'af44      0x20  tcp_in.o [1]
  .rodata                const     0x804'af64      0x20  tcp_in.o [1]
  .rodata                const     0x804'af84      0x20  tcp_in.o [1]
  .rodata                const     0x804'afa4      0x20  tcp_in.o [1]
  .rodata                const     0x804'afc4      0x20  tcp_in.o [1]
  .rodata                const     0x804'afe4      0x20  tcp_in.o [1]
  .rodata                const     0x804'b004      0x20  tcp_in.o [1]
  .rodata                const     0x804'b024      0x20  tcp_out.o [1]
  .rodata                const     0x804'b044      0x20  tcp_out.o [1]
  .rodata                const     0x804'b064      0x20  tcp_out.o [1]
  .rodata                const     0x804'b084      0x20  tcp_out.o [1]
  .rodata                const     0x804'b0a4      0x20  tcp_out.o [1]
  .rodata                const     0x804'b0c4      0x20  tcp_out.o [1]
  .rodata                const     0x804'b0e4      0x20  tcp_out.o [1]
  .rodata                const     0x804'b104      0x20  tcp_out.o [1]
  .rodata                const     0x804'b124      0x20  tcp_out.o [1]
  .rodata                const     0x804'b144      0x20  tcp_out.o [1]
  .rodata                const     0x804'b164      0x20  tcp_out.o [1]
  .rodata                const     0x804'b184      0x20  tcpip.o [1]
  .rodata                const     0x804'b1a4      0x20  udp.o [1]
  .rodata                const     0x804'b1c4      0x20  udp.o [1]
  .rodata                const     0x804'b1e4      0x20  udp.o [1]
  .rodata                const     0x804'b204      0x20  udp.o [1]
  .text                  ro code   0x804'b224      0x20  cmain_call_ctors.o [4]
  .text                  ro code   0x804'b244      0x18  cppinit.o [2]
  .text                  ro code   0x804'b25c      0x1e  cmain.o [4]
  .text                  ro code   0x804'b27a       0x4  low_level_init.o [2]
  .text                  ro code   0x804'b27e       0x4  exit.o [2]
  .text                  ro code   0x804'b284       0xa  cexit.o [4]
  .rodata                const     0x804'b290      0x1c  altcp_tcp.o [1]
  .rodata                const     0x804'b2ac      0x1c  cipher_wrap.o [1]
  .rodata                const     0x804'b2c8      0x1c  cipher_wrap.o [1]
[...]
tcp_alloc                0x802'82e9      0xc8  Code  Gb  tcp.o [1]
tcp_arg                  0x802'83c1       0x8  Code  Gb  tcp.o [1]
tcp_backoff              0x804'd074      0x10  Data  Lc  tcp.o [1]
tcp_bind                 0x802'7527      0xec  Code  Gb  tcp.o [1]
tcp_bound_pcbs          0x2003'8bcc       0x4  Data  Gb  tcp.o [1]
tcp_close                0x802'7335      0x40  Code  Gb  tcp.o [1]
tcp_close_shutdown       0x802'7147     0x14e  Code  Lc  tcp.o [1]
tcp_close_shutdown_fin   0x802'7295      0xa0  Code  Lc  tcp.o [1]
tcp_connect              0x802'7873     0x186  Code  Gb  tcp.o [1]
tcp_create_segment       0x802'958f     0x11c  Code  Lc  tcp_out.o [1]
tcp_debug_print          0x802'8769      0x14  Code  Gb  tcp.o [1]
tcp_debug_print_flags    0x802'877f       0x2  Code  Gb  tcp.o [1]
tcp_debug_print_state    0x802'877d       0x2  Code  Gb  tcp.o [1]
tcp_eff_send_mss_netif   0x802'862d      0x56  Code  Gb  tcp.o [1]
tcp_enqueue_flags        0x802'a171     0x196  Code  Gb  tcp_out.o [1]
tcp_err                  0x802'841f      0x26  Code  Gb  tcp.o [1]
tcp_fasttmr              0x802'7f53      0x7e  Code  Gb  tcp.o [1]
tcp_free                 0x802'705b      0x26  Code  Gb  tcp.o [1]
tcp_free_acked_segments
                         0x802'6361      0xb8  Code  Lc  tcp_in.o [1]
tcp_free_listen          0x802'7081      0x26  Code  Lc  tcp.o [1]
tcp_free_ooseq           0x802'8753      0x16  Code  Gb  tcp.o [1]
tcp_get_next_optbyte     0x802'6ea3      0x3a  Code  Lc  tcp_in.o [1]
tcp_handle_closepend     0x802'82b5      0x2a  Code  Lc  tcp.o [1]
tcp_init                 0x802'7045      0x16  Code  Gb  tcp.o [1]
tcp_input                0x802'53c5     0x68a  Code  Gb  tcp_in.o [1]
tcp_input_delayed_close
                         0x802'5a4f      0x54  Code  Lc  tcp_in.o [1]
tcp_input_pcb           0x2003'8bf0       0x4  Data  Gb  tcp_in.o [1]
tcp_keepalive            0x802'ad39      0x5a  Code  Gb  tcp_out.o [1]
tcp_kill_prio            0x802'8199      0x70  Code  Lc  tcp.o [1]
tcp_kill_state           0x802'8211      0x68  Code  Lc  tcp.o [1]
tcp_kill_timewait        0x802'8279      0x36  Code  Lc  tcp.o [1]
tcp_listen_closed        0x802'70f5      0x52  Code  Lc  tcp.o [1]
tcp_listen_input         0x802'5aa3     0x152  Code  Lc  tcp_in.o [1]
tcp_listen_pcbs         0x2003'8bd0       0x4  Data  Gb  tcp.o [1]
tcp_listen_with_backlog_and_err
                         0x802'763f      0xe4  Code  Gb  tcp.o [1]
tcp_netif_ip_addr_changed
                         0x802'86c5      0x4a  Code  Gb  tcp.o [1]
tcp_netif_ip_addr_changed_pcblist
                         0x802'8683      0x38  Code  Lc  tcp.o [1]
tcp_new_ip_type          0x802'83b5       0xc  Code  Gb  tcp.o [1]
tcp_new_port             0x802'7811      0x62  Code  Lc  tcp.o [1]
tcp_next_iss             0x802'85fd      0x26  Code  Gb  tcp.o [1]
tcp_next_iss::iss       0x2000'0060       0x4  Data  Lc  tcp.o [1]
tcp_oos_insert_segment   0x802'62ad      0xa6  Code  Lc  tcp_in.o [1]
tcp_optidx              0x2003'8c3c       0x2  Data  Lc  tcp_in.o [1]
tcp_output               0x802'a329     0x2d0  Code  Gb  tcp_out.o [1]
tcp_output_alloc_header
                         0x802'aa89      0x50  Code  Lc  tcp_out.o [1]
tcp_output_alloc_header_common
                         0x802'a9cd      0xb4  Code  Lc  tcp_out.o [1]
tcp_output_control_segment
                         0x802'ab61      0x76  Code  Lc  tcp_out.o [1]
tcp_output_fill_options
                         0x802'aae1      0x80  Code  Lc  tcp_out.o [1]
tcp_output_segment       0x802'a631     0x16e  Code  Lc  tcp_out.o [1]
tcp_output_segment_busy
                         0x802'a5fd      0x2c  Code  Lc  tcp_out.o [1]
tcp_parseopt             0x802'6ee5      0xbc  Code  Lc  tcp_in.o [1]
tcp_pbuf_prealloc        0x802'96ab      0xde  Code  Lc  tcp_out.o [1]
tcp_pcb_lists            0x804'd084      0x10  Data  Gb  tcp.o [1]
tcp_pcb_purge            0x802'8491      0x6a  Code  Gb  tcp.o [1]
tcp_pcb_remove           0x802'8515      0xde  Code  Gb  tcp.o [1]
tcp_pcbs_sane            0x802'8789      0x6e  Code  Gb  tcp.o [1]
tcp_persist_backoff      0x804'd8a4       0x8  Data  Lc  tcp.o [1]
tcp_poll                 0x802'8455      0x3c  Code  Gb  tcp.o [1]
tcp_port                0x2000'0134       0x2  Data  Lc  tcp.o [1]
tcp_process              0x802'5cd9     0x5ca  Code  Lc  tcp_in.o [1]
tcp_process_refused_data
                         0x802'7fdd      0xb6  Code  Gb  tcp.o [1]
tcp_receive              0x802'645d     0xa46  Code  Lc  tcp_in.o [1]
tcp_recv                 0x802'83c9      0x26  Code  Gb  tcp.o [1]
tcp_recv_null            0x802'8149      0x50  Code  Gb  tcp.o [1]
tcp_recved               0x802'779b      0x76  Code  Gb  tcp.o [1]
tcp_remove_listener      0x802'70c3      0x32  Code  Lc  tcp.o [1]
tcp_rexmit               0x802'a8ad      0x92  Code  Gb  tcp_out.o [1]
tcp_rexmit_fast          0x802'a945      0x84  Code  Gb  tcp_out.o [1]
tcp_rexmit_rto           0x802'a875      0x2e  Code  Gb  tcp_out.o [1]
tcp_rexmit_rto_commit    0x802'a83f      0x36  Code  Gb  tcp_out.o [1]
tcp_rexmit_rto_prepare   0x802'a7a9      0x96  Code  Gb  tcp_out.o [1]
tcp_route                0x802'956d      0x22  Code  Lc  tcp_out.o [1]
tcp_rst                  0x802'abdd      0x8e  Code  Gb  tcp_out.o [1]
tcp_seg_copy             0x802'80f5      0x4a  Code  Gb  tcp.o [1]
tcp_seg_free             0x802'80a9      0x22  Code  Gb  tcp.o [1]
tcp_segs_free            0x802'8093      0x16  Code  Gb  tcp.o [1]
tcp_send_empty_ack       0x802'ac7d      0xbc  Code  Gb  tcp_out.o [1]
tcp_send_fin             0x802'a0f7      0x5e  Code  Gb  tcp_out.o [1]
tcp_sent                 0x802'83f9      0x26  Code  Gb  tcp.o [1]
tcp_setprio              0x802'80cb      0x24  Code  Gb  tcp.o [1]
tcp_shutdown             0x802'7375      0x84  Code  Gb  tcp.o [1]
tcp_slowtmr              0x802'7a51     0x502  Code  Gb  tcp.o [1]
tcp_split_unsent_seg     0x802'9ee9     0x20e  Code  Gb  tcp_out.o [1]
tcp_tcp_get_tcp_addrinfo
                         0x802'8719      0x3a  Code  Gb  tcp.o [1]
tcp_ticks               0x2003'8bc8       0x4  Data  Gb  tcp.o [1]
tcp_timer               0x2003'8c4a       0x1  Data  Lc  tcp.o [1]
tcp_timer_ctr           0x2003'8c4b       0x1  Data  Lc  tcp.o [1]
tcp_timer_needed         0x802'af3d      0x2a  Code  Gb  timeouts.o [1]
tcp_timewait_input       0x802'5bf5      0x9c  Code  Lc  tcp_in.o [1]
tcp_tmr                  0x802'70a7      0x1c  Code  Gb  tcp.o [1]
tcp_trigger_input_pcb_close
                         0x802'6fa9       0xc  Code  Gb  tcp_in.o [1]
tcp_tw_pcbs             0x2003'8bd8       0x4  Data  Gb  tcp.o [1]
tcp_update_rcv_ann_wnd   0x802'7723      0x78  Code  Gb  tcp.o [1]
tcp_write                0x802'984f     0x69a  Code  Gb  tcp_out.o [1]
tcp_write_checks         0x802'9789      0xc6  Code  Lc  tcp_out.o [1]
tcp_zero_window_probe    0x802'ada9      0xfe  Code  Gb  tcp_out.o [1]
tcphdr                  0x2003'8bdc       0x4  Data  Lc  tcp_in.o [1]
tcphdr_opt1len          0x2003'8c3a       0x2  Data  Lc  tcp_in.o [1]
tcphdr_opt2             0x2003'8be0       0x4  Data  Lc  tcp_in.o [1]
tcphdr_optlen           0x2003'8c38       0x2  Data  Lc  tcp_in.o [1]
tcpip_init               0x802'cf55      0x58  Code  Gb  tcpip.o [1]
tcpip_init_done         0x2003'8bf4       0x4  Data  Lc  tcpip.o [1]
tcpip_init_done_arg     0x2003'8bf8       0x4  Data  Lc  tcpip.o [1]
tcpip_inpkt              0x802'ce75      0x60  Code  Gb  tcpip.o [1]
tcpip_input              0x802'ced5      0x28  Code  Gb  tcpip.o [1]
tcpip_mbox              0x2003'8bfc       0x4  Data  Lc  tcpip.o [1]
tcpip_tcp_timer          0x802'af11      0x2c  Code  Lc  timeouts.o [1]
tcpip_tcp_timer_active  0x2003'8c0c       0x4  Data  Lc  timeouts.o [1]
tcpip_thread             0x802'cde3      0x3e  Code  Lc  tcpip.o [1]
tcpip_thread_handle_msg
                         0x802'ce21      0x54  Code  Lc  tcpip.o [1]
tcpip_timeouts_mbox_fetch
                         0x802'cd7d      0x66  Code  Lc  tcpip.o [1]
tcpip_try_callback       0x802'cefd      0x58  Code  Gb  tcpip.o [1]
tcplen                  0x2003'8c40       0x2  Data  Lc  tcp_in.o [1]
time                     0x802'134d       0x4  Code  Gb  time_trampoline.o [2]
tls1_prf                 0x800'03fd     0x208  Code  Lc  ssl_tls.o [1]
tls_prf_generic          0x800'0605     0x142  Code  Lc  ssl_tls.o [1]
tls_prf_sha256           0x800'0747      0x2a  Code  Lc  ssl_tls.o [1]
tls_prf_sha384           0x800'0771      0x2a  Code  Lc  ssl_tls.o [1]
transposes               0x804'8b54      0x28  Data  Lc  camellia.o [1]
ucHeap                  0x2001'2e08    0xff4c  Data  Lc  heap_4.o [1]
ucMaxSysCallPriority    0x2003'8c48       0x1  Data  Lc  port.o [1]
udp_bind                 0x802'ec9d      0xc8  Code  Gb  udp.o [1]
udp_connect              0x802'ed65      0x88  Code  Gb  udp.o [1]
udp_init                 0x802'e6c9      0x16  Code  Gb  udp.o [1]
udp_input                0x802'e7cf     0x1ce  Code  Gb  udp.o [1]
udp_input_local_match    0x802'e72d      0xa2  Code  Lc  udp.o [1]
udp_netif_ip_addr_changed
                         0x802'ee85      0x34  Code  Gb  udp.o [1]
udp_new                  0x802'ee5f      0x26  Code  Gb  udp.o [1]
udp_new_port             0x802'e6df      0x4e  Code  Lc  udp.o [1]
udp_pcbs                0x2003'8c24       0x4  Data  Gb  udp.o [1]
udp_port                0x2000'0136       0x2  Data  Lc  udp.o [1]
udp_recv                 0x802'eded      0x22  Code  Gb  udp.o [1]
udp_remove               0x802'ee0f      0x50  Code  Gb  udp.o [1]
udp_sendto               0x802'e99d      0x9c  Code  Gb  udp.o [1]
udp_sendto_if            0x802'ea39      0xc8  Code  Gb  udp.o [1]
udp_sendto_if_src        0x802'eb01     0x19c  Code  Gb  udp.o [1]
ulMaxPRIGROUPValue      0x2003'8b7c       0x4  Data  Lc  port.o [1]
uwTick                  0x2003'8b84       0x4  Data  Gb  stm32f7xx_hal.o [1]
uwTickFreq              0x2000'0138       0x1  Data  Gb  stm32f7xx_hal.o [1]
uwTickPrio              0x2000'0058       0x4  Data  Gb  stm32f7xx_hal.o [1]
uxCriticalNesting       0x2000'0024       0x4  Data  Lc  port.o [1]
uxCurrentNumberOfTasks  0x2003'8b9c       0x4  Data  Lc  tasks.o [1]
uxDeletedTasksWaitingCleanUp
                        0x2003'8b98       0x4  Data  Lc  tasks.o [1]
uxListRemove             0x803'5a77      0x28  Code  Gb  list.o [1]
uxPendedTicks           0x2003'8bac       0x4  Data  Lc  tasks.o [1]
uxSchedulerSuspended    0x2003'8bc4       0x4  Data  Lc  tasks.o [1]
uxTaskNumber            0x2003'8bb8       0x4  Data  Lc  tasks.o [1]
uxTopReadyPriority      0x2003'8ba4       0x4  Data  Lc  tasks.o [1]
vApplicationGetIdleTaskMemory
                         0x803'0adf      0x10  Code  Gb  cmsis_os2.o [1]
vApplicationGetTimerTaskMemory
                         0x803'0aef      0x10  Code  Gb  cmsis_os2.o [1]
vListInitialise          0x803'5a05      0x1e  Code  Gb  list.o [1]
vListInitialiseItem      0x803'5a23       0x6  Code  Gb  list.o [1]
vListInsert              0x803'5a41      0x36  Code  Gb  list.o [1]
vListInsertEnd           0x803'5a29      0x18  Code  Gb  list.o [1]
vPortEnableVFP           0x803'6305            Code  Gb  portasm.o [1]
vPortEnterCritical       0x803'5b9b      0x3c  Code  Gb  port.o [1]
vPortExitCritical        0x803'5bd7      0x30  Code  Gb  port.o [1]
vPortFree                0x803'58a9      0x7c  Code  Gb  heap_4.o [1]
vPortStartFirstTask      0x803'62e5            Code  Gb  portasm.o [1]
vPortValidateInterruptPriority
                         0x803'5c35      0x56  Code  Gb  port.o [1]
vQueueAddToRegistry      0x803'4b05      0x26  Code  Gb  queue.o [1]
vQueueDelete             0x803'4941      0x34  Code  Gb  queue.o [1]
vQueueUnregisterQueue    0x803'4b2b      0x28  Code  Gb  queue.o [1]
vQueueWaitForMessageRestricted
                         0x803'4b59      0x4c  Code  Gb  queue.o [1]
vTaskDelay               0x803'34a9      0x52  Code  Gb  tasks.o [1]
vTaskInternalSetTimeOutState
                         0x803'3955      0x12  Code  Gb  tasks.o [1]
vTaskMissedYield         0x803'3a07       0xa  Code  Gb  tasks.o [1]
vTaskPlaceOnEventList    0x803'382d      0x36  Code  Gb  tasks.o [1]
vTaskPlaceOnEventListRestricted
                         0x803'387d      0x44  Code  Gb  tasks.o [1]
vTaskPriorityDisinheritAfterTimeout
                         0x803'3c99      0xd2  Code  Gb  tasks.o [1]
vTaskStartScheduler      0x803'34fb      0xa2  Code  Gb  tasks.o [1]
vTaskSuspendAll          0x803'359d       0xc  Code  Gb  tasks.o [1]
vTaskSwitchContext       0x803'37b7      0x76  Code  Gb  tasks.o [1]
x509_check_time          0x801'db37      0xc6  Code  Lc  x509.o [1]
x509_check_wildcard      0x800'e10f      0x7c  Code  Lc  x509_crt.o [1]
x509_crt_check_cn        0x800'f33d      0x36  Code  Lc  x509_crt.o [1]
x509_crt_check_ee_locally_trusted
                         0x800'f17f      0x48  Code  Lc  x509_crt.o [1]
x509_crt_check_parent    0x800'f00b      0x5a  Code  Lc  x509_crt.o [1]
x509_crt_check_signature
                         0x800'ef99      0x72  Code  Lc  x509_crt.o [1]
x509_crt_find_parent     0x800'f113      0x6c  Code  Lc  x509_crt.o [1]
x509_crt_find_parent_in
                         0x800'f065      0xae  Code  Lc  x509_crt.o [1]
x509_crt_merge_flags_with_cb
                         0x800'f40d      0x4e  Code  Lc  x509_crt.o [1]
x509_crt_parse_der_core
                         0x800'e7f1     0x396  Code  Lc  x509_crt.o [1]
x509_crt_verify_chain    0x800'f1c7     0x176  Code  Lc  x509_crt.o [1]
x509_crt_verify_chain_reset
                         0x800'e259      0x20  Code  Lc  x509_crt.o [1]
x509_crt_verify_name     0x800'f373      0x9a  Code  Lc  x509_crt.o [1]
x509_crt_verifycrl       0x800'ee7f     0x11a  Code  Lc  x509_crt.o [1]
x509_date_is_valid       0x801'd755      0xd2  Code  Lc  x509.o [1]
x509_get_attr_type_value
                         0x801'd571     0x104  Code  Lc  x509.o [1]
x509_get_basic_constraints
                         0x800'e395      0xb0  Code  Lc  x509_crt.o [1]
x509_get_crt_ext         0x800'e615     0x1dc  Code  Lc  x509_crt.o [1]
x509_get_current_time    0x801'daed      0x4a  Code  Lc  x509.o [1]
x509_get_dates           0x800'e2dd      0x68  Code  Lc  x509_crt.o [1]
x509_get_ext_key_usage   0x800'e4eb      0x32  Code  Lc  x509_crt.o [1]
x509_get_hash_alg        0x801'd2cf      0xae  Code  Lc  x509.o [1]
x509_get_key_usage       0x800'e489      0x62  Code  Lc  x509_crt.o [1]
x509_get_ns_cert_type    0x800'e445      0x44  Code  Lc  x509_crt.o [1]
x509_get_subject_alt_name
                         0x800'e51d      0xf8  Code  Lc  x509_crt.o [1]
x509_get_uid             0x800'e345      0x50  Code  Lc  x509_crt.o [1]
x509_get_version         0x800'e279      0x64  Code  Lc  x509_crt.o [1]
x509_memcasecmp          0x800'e0bb      0x54  Code  Lc  x509_crt.o [1]
x509_name_cmp            0x800'e1eb      0x6e  Code  Lc  x509_crt.o [1]
x509_parse_int           0x801'd711      0x44  Code  Lc  x509.o [1]
x509_parse_time          0x801'd827      0xf8  Code  Lc  x509.o [1]
x509_profile_check_key   0x800'e03d      0x7e  Code  Lc  x509_crt.o [1]
x509_profile_check_md_alg
                         0x800'dff5      0x24  Code  Lc  x509_crt.o [1]
x509_profile_check_pk_alg
                         0x800'e019      0x24  Code  Lc  x509_crt.o [1]
x509_string_cmp          0x800'e18b      0x60  Code  Lc  x509_crt.o [1]
xActiveTimerList1       0x2003'8a58      0x14  Data  Lc  timers.o [1]
xActiveTimerList2       0x2003'8a6c      0x14  Data  Lc  timers.o [1]
xBlockAllocatedBit      0x2003'8b0c       0x4  Data  Lc  heap_4.o [1]
xDelayedTaskList1       0x2003'89f4      0x14  Data  Lc  tasks.o [1]
xDelayedTaskList2       0x2003'8a08      0x14  Data  Lc  tasks.o [1]
xFreeBytesRemaining     0x2003'8b04       0x4  Data  Lc  heap_4.o [1]
xHeapStructSize          0x804'd910       0x4  Data  Lc  heap_4.o [1]
xIdleTaskHandle         0x2003'8bc0       0x4  Data  Lc  tasks.o [1]
xMinimumEverFreeBytesRemaining
                        0x2003'8b08       0x4  Data  Lc  heap_4.o [1]
xNextTaskUnblockTime    0x2003'8bbc       0x4  Data  Lc  tasks.o [1]
xNumOfOverflows         0x2003'8bb4       0x4  Data  Lc  tasks.o [1]
xPendingReadyList       0x2003'8a1c      0x14  Data  Lc  tasks.o [1]
xPortStartScheduler      0x803'5afb      0xa0  Code  Gb  port.o [1]
xQueueCreateCountingSemaphore
                         0x803'4195      0x48  Code  Gb  queue.o [1]
xQueueCreateCountingSemaphoreStatic
                         0x803'4145      0x50  Code  Gb  queue.o [1]
xQueueCreateMutex        0x803'4067      0x20  Code  Gb  queue.o [1]
xQueueCreateMutexStatic
                         0x803'4087      0x2e  Code  Gb  queue.o [1]
xQueueGenericCreate      0x803'3faf      0x60  Code  Gb  queue.o [1]
xQueueGenericCreateStatic
                         0x803'3ed9      0xd6  Code  Gb  queue.o [1]
xQueueGenericReset       0x803'3e41      0x98  Code  Gb  queue.o [1]
xQueueGenericSend        0x803'41dd     0x1b6  Code  Gb  queue.o [1]
xQueueGenericSendFromISR
                         0x803'4393      0xf0  Code  Gb  queue.o [1]
xQueueGiveFromISR        0x803'4483      0xd4  Code  Gb  queue.o [1]
xQueueGiveMutexRecursive
                         0x803'40b5      0x48  Code  Gb  queue.o [1]
xQueueReceive            0x803'4557     0x176  Code  Gb  queue.o [1]
xQueueReceiveFromISR     0x803'4885      0xbc  Code  Gb  queue.o [1]
xQueueRegistry          0x2003'8800      0x40  Data  Gb  queue.o [1]
xQueueSemaphoreTake      0x803'46cd     0x1b2  Code  Gb  queue.o [1]
xQueueTakeMutexRecursive
                         0x803'40fd      0x48  Code  Gb  queue.o [1]
xSchedulerRunning       0x2003'8ba8       0x4  Data  Lc  tasks.o [1]
xStart                  0x2003'8ad0       0x8  Data  Lc  heap_4.o [1]
xSuspendedTaskList      0x2003'8a44      0x14  Data  Lc  tasks.o [1]
xTaskCheckForTimeOut     0x803'3971      0x96  Code  Gb  tasks.o [1]
xTaskCreate              0x803'32af      0x72  Code  Gb  tasks.o [1]
xTaskCreateStatic        0x803'3209      0xa6  Code  Gb  tasks.o [1]
xTaskGetCurrentTaskHandle
                         0x803'3b3b       0x8  Code  Gb  tasks.o [1]
xTaskGetSchedulerState   0x803'3b43      0x20  Code  Gb  tasks.o [1]
xTaskGetTickCount        0x803'3693       0x8  Code  Gb  tasks.o [1]
xTaskGetTickCountFromISR
                         0x803'369b      0x10  Code  Gb  tasks.o [1]
xTaskIncrementTick       0x803'36ab     0x10c  Code  Gb  tasks.o [1]
xTaskPriorityDisinherit
                         0x803'3bf3      0x96  Code  Gb  tasks.o [1]
xTaskPriorityInherit     0x803'3b63      0x90  Code  Gb  tasks.o [1]
xTaskRemoveFromEventList
                         0x803'38c1      0x86  Code  Gb  tasks.o [1]
xTaskResumeAll           0x803'35a9      0xea  Code  Gb  tasks.o [1]
xTasksWaitingTermination
                        0x2003'8a30      0x14  Data  Lc  tasks.o [1]
xTickCount              0x2003'8ba0       0x4  Data  Lc  tasks.o [1]
xTimerCreateTimerTask    0x803'5ce5      0x70  Code  Gb  timers.o [1]
xTimerGenericCommand     0x803'5d55      0x86  Code  Gb  timers.o [1]
xTimerQueue             0x2003'8c18       0x4  Data  Lc  timers.o [1]
xTimerTaskHandle        0x2003'8c1c       0x4  Data  Lc  timers.o [1]
xYieldPending           0x2003'8bb0       0x4  Data  Lc  tasks.o [1]
xts_aes_ctx_alloc        0x804'20d3      0x1c  Code  Lc  cipher_wrap.o [1]
xts_aes_ctx_free         0x804'20ef      0x18  Code  Lc  cipher_wrap.o [1]
xts_aes_info             0x804'75fc      0x30  Data  Lc  cipher_wrap.o [1]
xts_aes_setkey_dec_wrap
                         0x804'20bd      0x16  Code  Lc  cipher_wrap.o [1]
xts_aes_setkey_enc_wrap
                         0x804'20a7      0x16  Code  Lc  cipher_wrap.o [1]


[1] = D:\myDrive\Projects\Private\Droid\mqttClient_F767ZI\mqttClient_F767ZI\EWARM\mqttClient_F767ZI\Obj
[2] = dl7M_tlf.a
[3] = m7M_tlv.a
[4] = rt7M_tl.a
[5] = shb_l.a

  265'060 bytes of readonly  code memory
   53'282 bytes of readonly  data memory
  371'787 bytes of readwrite data memory

Errors: none
Warnings: none
